 addon

 Timestamp is 5d9eb2c7 (Thu Oct 10 09:55:43 2019)

 Preferred load address is 0000000180000000

 Start         Length     Name                   Class
 0001:00000000 0000c0e0H .text$mn                CODE
 0001:0000c0e0 00000020H .text$mn$00             CODE
 0001:0000c100 00000250H .text$x                 CODE
 0002:00000000 00000288H .idata$5                DATA
 0002:00000288 00000010H .00cfg                  DATA
 0002:00000298 00000008H .CRT$XCA                DATA
 0002:000002a0 00000008H .CRT$XCU                DATA
 0002:000002a8 00000008H .CRT$XCZ                DATA
 0002:000002b0 00000008H .CRT$XIA                DATA
 0002:000002b8 00000018H .CRT$XIC                DATA
 0002:000002d0 00000008H .CRT$XIZ                DATA
 0002:000002d8 00000008H .CRT$XPA                DATA
 0002:000002e0 00000010H .CRT$XPX                DATA
 0002:000002f0 00000008H .CRT$XPXA               DATA
 0002:000002f8 00000008H .CRT$XPZ                DATA
 0002:00000300 00000008H .CRT$XTA                DATA
 0002:00000308 00000008H .CRT$XTZ                DATA
 0002:00000310 00000000H .gfids$y                DATA
 0002:00000310 00007380H .rdata                  DATA
 0002:00007690 000002fcH .rdata$r                DATA
 0002:0000798c 000003b4H .rdata$zzzdbg           DATA
 0002:00007d40 00000008H .rtc$IAA                DATA
 0002:00007d48 00000008H .rtc$IZZ                DATA
 0002:00007d50 00000008H .rtc$TAA                DATA
 0002:00007d58 00000008H .rtc$TZZ                DATA
 0002:00007d60 00000bf8H .xdata                  DATA
 0002:00008958 0000017cH .xdata$x                DATA
 0002:00008ad4 00000020H .didat$2                DATA
 0002:00008af4 00000024H .didat$3                DATA
 0002:00008b18 00000090H .didat$4                DATA
 0002:00008ba8 00000480H .didat$6                DATA
 0002:00009028 00000098H .didat$7                DATA
 0002:000090c0 00000050H .edata                  DATA
 0002:00009110 00000028H .idata$2                DATA
 0002:00009138 00000018H .idata$3                DATA
 0002:00009150 00000288H .idata$4                DATA
 0002:000093d8 000005ceH .idata$6                DATA
 0003:00000000 00000a20H .data                   DATA
 0003:00000a20 000000f0H .data$r                 DATA
 0003:00000b10 00000090H .didat$5                DATA
 0003:00000ba0 00001200H .bss                    DATA
 0004:00000000 00000ee8H .pdata                  DATA
 0005:00000000 00000060H .rsrc$01                DATA
 0005:00000060 00000180H .rsrc$02                DATA

  Address         Publics by Value              Rva+Base               Lib:Object

 0000:00000000       __hybrid_code_map_count    0000000000000000     <absolute>
 0000:00000000       __hybrid_code_map          0000000000000000     <absolute>
 0000:00000000       __guard_iat_count          0000000000000000     <absolute>
 0000:00000000       __volatile_metadata        0000000000000000     <absolute>
 0000:00000000       __guard_longjmp_count      0000000000000000     <absolute>
 0000:00000000       __guard_longjmp_table      0000000000000000     <absolute>
 0000:00000000       __guard_iat_table          0000000000000000     <absolute>
 0000:00000000       __guard_fids_count         0000000000000000     <absolute>
 0000:00000000       ___safe_se_handler_count   0000000000000000     <absolute>
 0000:00000000       __enclave_config           0000000000000000     <absolute>
 0000:00000000       ___safe_se_handler_table   0000000000000000     <absolute>
 0000:00000000       __guard_fids_table         0000000000000000     <absolute>
 0000:00000000       __hybrid_auxiliary_iat     0000000000000000     <absolute>
 0000:00000000       __dynamic_value_reloc_table 0000000000000000     <absolute>
 0000:00000100       __guard_flags              0000000000000100     <absolute>
 0000:00000000       __ImageBase                0000000180000000     <linker-defined>
 0001:00000000       ?Method@demo@@YAXAEBV?$FunctionCallbackInfo@VValue@v8@@@v8@@@Z 0000000180001000 f   hello.obj
 0001:00000240       ?Initialize@demo@@YAXV?$Local@VObject@v8@@@v8@@@Z 0000000180001240 f   hello.obj
 0001:00000360       ??0?$basic_string@DU?$char_traits@D@std@@V?$allocator@D@2@@std@@QEAA@QEBD@Z 0000000180001360 f i hello.obj
 0001:000004d0       ?_Xlen@?$basic_string@DU?$char_traits@D@std@@V?$allocator@D@2@@std@@SAXXZ 00000001800014d0 f i hello.obj
 0001:00000524       __imp_load_?ThrowException@Isolate@v8@@QEAA?AV?$Local@VValue@v8@@@2@V32@@Z 0000000180001524 f   node:node.exe
 0001:00000530       __tailMerge_node_exe       0000000180001530     node:node.exe
 0001:000005a9       __imp_load_?GetCurrentContext@Isolate@v8@@QEAA?AV?$Local@VContext@v8@@@2@XZ 00000001800015a9 f   node:node.exe
 0001:000005b5       __imp_load_?GetCurrent@Isolate@v8@@SAPEAV12@XZ 00000001800015b5 f   node:node.exe
 0001:000005c1       __imp_load_??1HandleScope@v8@@QEAA@XZ 00000001800015c1 f   node:node.exe
 0001:000005cd       __imp_load_??0HandleScope@v8@@QEAA@PEAVIsolate@1@@Z 00000001800015cd f   node:node.exe
 0001:000005d9       __imp_load_?TypeError@Exception@v8@@SA?AV?$Local@VValue@v8@@@2@V?$Local@VString@v8@@@2@@Z 00000001800015d9 f   node:node.exe
 0001:000005e5       __imp_load_?GetFunction@FunctionTemplate@v8@@QEAA?AV?$MaybeLocal@VFunction@v8@@@2@V?$Local@VContext@v8@@@2@@Z 00000001800015e5 f   node:node.exe
 0001:000005f1       __imp_load_?New@FunctionTemplate@v8@@SA?AV?$Local@VFunctionTemplate@v8@@@2@PEAVIsolate@2@P6AXAEBV?$FunctionCallbackInfo@VValue@v8@@@2@@ZV?$Local@VValue@v8@@@2@V?$Local@VSignature@v8@@@2@HW4ConstructorBehavior@2@W4SideEffectType@2@@Z 00000001800015f1 f   node:node.exe
 0001:000005fd       __imp_load_?ToLocalEmpty@V8@v8@@CAXXZ 00000001800015fd f   node:node.exe
 0001:00000609       __imp_load_?ToString@Value@v8@@QEBA?AV?$MaybeLocal@VString@v8@@@2@V?$Local@VContext@v8@@@2@@Z 0000000180001609 f   node:node.exe
 0001:00000615       __imp_load_??1Utf8Value@String@v8@@QEAA@XZ 0000000180001615 f   node:node.exe
 0001:00000621       __imp_load_??0Utf8Value@String@v8@@QEAA@V?$Local@VValue@v8@@@2@@Z 0000000180001621 f   node:node.exe
 0001:0000062d       __imp_load_?NewFromUtf8@String@v8@@SA?AV?$MaybeLocal@VString@v8@@@2@PEAVIsolate@2@PEBDW4NewStringType@2@H@Z 000000018000162d f   node:node.exe
 0001:00000639       __imp_load_?Set@Object@v8@@QEAA_NV?$Local@VValue@v8@@@2@0@Z 0000000180001639 f   node:node.exe
 0001:00000645       __imp_load_?SetName@Function@v8@@QEAAXV?$Local@VString@v8@@@2@@Z 0000000180001645 f   node:node.exe
 0001:00000651       __imp_load_node_module_register 0000000180001651 f   node:node.exe
 0001:0000065d       __imp_load_?ToString@Value@v8@@QEBA?AV?$Local@VString@v8@@@2@XZ 000000018000165d f   node:node.exe
 0001:0000066c       ??0bad_alloc@std@@QEAA@AEBV01@@Z 000000018000166c f i libcpmt:xthrow.obj
 0001:000006ac       ??0bad_alloc@std@@QEAA@XZ  00000001800016ac f i libcpmt:xthrow.obj
 0001:000006cc       ??0exception@std@@QEAA@AEBV01@@Z 00000001800016cc f i libcpmt:xthrow.obj
 0001:00000704       ??0length_error@std@@QEAA@AEBV01@@Z 0000000180001704 f i libcpmt:xthrow.obj
 0001:00000744       ??0length_error@std@@QEAA@PEBD@Z 0000000180001744 f i libcpmt:xthrow.obj
 0001:00000790       ??0logic_error@std@@QEAA@AEBV01@@Z 0000000180001790 f i libcpmt:xthrow.obj
 0001:000007d0       ??1bad_alloc@std@@UEAA@XZ  00000001800017d0 f i libcpmt:xthrow.obj
 0001:000007d0       ??1length_error@std@@UEAA@XZ 00000001800017d0 f i libcpmt:xthrow.obj
 0001:000007d0       ??1bad_array_new_length@std@@UEAA@XZ 00000001800017d0 f i LIBCMT:throw_bad_alloc.obj
 0001:000007e4       ??_Eexception@std@@UEAAPEAXI@Z 00000001800017e4 f i libcpmt:xthrow.obj
 0001:000007e4       ??_Ebad_array_new_length@std@@UEAAPEAXI@Z 00000001800017e4 f i LIBCMT:throw_bad_alloc.obj
 0001:000007e4       ??_Gbad_alloc@std@@UEAAPEAXI@Z 00000001800017e4 f i libcpmt:xthrow.obj
 0001:000007e4       ??_Glength_error@std@@UEAAPEAXI@Z 00000001800017e4 f i libcpmt:xthrow.obj
 0001:000007e4       ??_Elength_error@std@@UEAAPEAXI@Z 00000001800017e4 f i libcpmt:xthrow.obj
 0001:000007e4       ??_Gbad_array_new_length@std@@UEAAPEAXI@Z 00000001800017e4 f i LIBCMT:throw_bad_alloc.obj
 0001:000007e4       ??_Ebad_alloc@std@@UEAAPEAXI@Z 00000001800017e4 f i libcpmt:xthrow.obj
 0001:000007e4       ??_Glogic_error@std@@UEAAPEAXI@Z 00000001800017e4 f i libcpmt:xthrow.obj
 0001:000007e4       ??_Gexception@std@@UEAAPEAXI@Z 00000001800017e4 f i libcpmt:xthrow.obj
 0001:000007e4       ??_Elogic_error@std@@UEAAPEAXI@Z 00000001800017e4 f i libcpmt:xthrow.obj
 0001:00000828       ?_Xlength_error@std@@YAXPEBD@Z 0000000180001828 f   libcpmt:xthrow.obj
 0001:0000084c       ?what@exception@std@@UEBAPEBDXZ 000000018000184c f i libcpmt:xthrow.obj
 0001:00000870       __security_check_cookie    0000000180001870 f   LIBCMT:amdsecgs.obj
 0001:00000894       ??2@YAPEAX_K@Z             0000000180001894 f   LIBCMT:new_scalar.obj
 0001:000008d0       ??3@YAXPEAX_K@Z            00000001800018d0 f   LIBCMT:delete_scalar_size.obj
 0001:00000c08       _DllMainCRTStartup         0000000180001c08 f   LIBCMT:dll_dllmain.obj
 0001:00000c48       ??_Gtype_info@@UEAAPEAXI@Z 0000000180001c48 f i LIBCMT:std_type_info_static.obj
 0001:00000c48       ??_Etype_info@@UEAAPEAXI@Z 0000000180001c48 f i LIBCMT:std_type_info_static.obj
 0001:00000c74       __raise_securityfailure    0000000180001c74 f   LIBCMT:gs_report.obj
 0001:00000ca8       __report_gsfailure         0000000180001ca8 f   LIBCMT:gs_report.obj
 0001:00000d7c       __report_rangecheckfailure 0000000180001d7c f   LIBCMT:gs_report.obj
 0001:00000d90       __report_securityfailure   0000000180001d90 f   LIBCMT:gs_report.obj
 0001:00000f10       ??0bad_array_new_length@std@@QEAA@AEBV01@@Z 0000000180001f10 f i LIBCMT:throw_bad_alloc.obj
 0001:00000f50       ??0bad_array_new_length@std@@QEAA@XZ 0000000180001f50 f i LIBCMT:throw_bad_alloc.obj
 0001:00000f70       ?__scrt_throw_std_bad_alloc@@YAXXZ 0000000180001f70 f   LIBCMT:throw_bad_alloc.obj
 0001:00000f90       ?__scrt_throw_std_bad_array_new_length@@YAXXZ 0000000180001f90 f   LIBCMT:throw_bad_alloc.obj
 0001:00000fb0       ??3@YAXPEAX@Z              0000000180001fb0 f   LIBCMT:delete_scalar.obj
 0001:00000fb8       __security_init_cookie     0000000180001fb8 f   LIBCMT:gs_support.obj
 0001:00001064       _get_startup_argv_mode     0000000180002064 f   LIBCMT:argv_mode.obj
 0001:00001064       DllMain                    0000000180002064 f   LIBCMT:dll_dllmain_stub.obj
 0001:0000106c       ?__scrt_initialize_type_info@@YAXXZ 000000018000206c f   LIBCMT:tncleanup.obj
 0001:0000107c       ?__scrt_uninitialize_type_info@@YAXXZ 000000018000207c f   LIBCMT:tncleanup.obj
 0001:00001088       __local_stdio_printf_options 0000000180002088 f i LIBCMT:default_local_stdio_options.obj
 0001:00001090       __local_stdio_scanf_options 0000000180002090 f i LIBCMT:default_local_stdio_options.obj
 0001:00001098       __scrt_initialize_default_local_stdio_options 0000000180002098 f   LIBCMT:default_local_stdio_options.obj
 0001:000010b4       __scrt_acquire_startup_lock 00000001800020b4 f   LIBCMT:utility.obj
 0001:000010f0       __scrt_dllmain_after_initialize_c 00000001800020f0 f   LIBCMT:utility.obj
 0001:00001124       __scrt_dllmain_before_initialize_c 0000000180002124 f   LIBCMT:utility.obj
 0001:0000113c       __scrt_dllmain_crt_thread_attach 000000018000213c f   LIBCMT:utility.obj
 0001:00001164       __scrt_dllmain_crt_thread_detach 0000000180002164 f   LIBCMT:utility.obj
 0001:0000117c       __scrt_dllmain_exception_filter 000000018000217c f   LIBCMT:utility.obj
 0001:000011dc       __scrt_dllmain_uninitialize_c 00000001800021dc f   LIBCMT:utility.obj
 0001:0000120c       __scrt_dllmain_uninitialize_critical 000000018000220c f   LIBCMT:utility.obj
 0001:00001220       __scrt_initialize_crt      0000000180002220 f   LIBCMT:utility.obj
 0001:0000126c       __scrt_initialize_onexit_tables 000000018000226c f   LIBCMT:utility.obj
 0001:00001344       __scrt_is_nonwritable_in_current_image 0000000180002344 f   LIBCMT:utility.obj
 0001:000013e0       __scrt_release_startup_lock 00000001800023e0 f   LIBCMT:utility.obj
 0001:00001404       __scrt_uninitialize_crt    0000000180002404 f   LIBCMT:utility.obj
 0001:00001430       __scrt_get_dyn_tls_init_callback 0000000180002430 f   LIBCMT:dyn_tls_init.obj
 0001:00001438       __crt_debugger_hook        0000000180002438 f   LIBCMT:utility_desktop.obj
 0001:00001440       __scrt_fastfail            0000000180002440 f   LIBCMT:utility_desktop.obj
 0001:0000158c       _RTC_Initialize            000000018000258c f   LIBCMT:initsect.obj
 0001:000015c8       _RTC_Terminate             00000001800025c8 f   LIBCMT:initsect.obj
 0001:00001604       _guard_check_icall_nop     0000000180002604 f i LIBCMT:guard_support.obj
 0001:00001608       __isa_available_init       0000000180002608 f   LIBCMT:cpu_disp.obj
 0001:00001784       __scrt_is_ucrt_dll_in_use  0000000180002784 f   LIBCMT:ucrt_detection.obj
 0001:00001790       __std_exception_copy       0000000180002790 f   libvcruntime:std_exception.obj
 0001:00001820       __std_exception_destroy    0000000180002820 f   libvcruntime:std_exception.obj
 0001:00001848       _CxxThrowException         0000000180002848 f   libvcruntime:throw.obj
 0001:00001908       __C_specific_handler       0000000180002908 f   libvcruntime:riscchandler.obj
 0001:00001b14       __std_type_info_destroy_list 0000000180002b14 f   libvcruntime:std_type_info.obj
 0001:00001b40       __vcrt_initialize          0000000180002b40 f   libvcruntime:initialization.obj
 0001:00001b74       __vcrt_thread_attach       0000000180002b74 f   libvcruntime:initialization.obj
 0001:00001b88       __vcrt_thread_detach       0000000180002b88 f   libvcruntime:initialization.obj
 0001:00001b9c       __vcrt_uninitialize        0000000180002b9c f   libvcruntime:initialization.obj
 0001:00001bbc       __vcrt_uninitialize_critical 0000000180002bbc f   libvcruntime:initialization.obj
 0001:00001be0       memset_repmovs             0000000180002be0 f   libvcruntime:memset.obj
 0001:00001c00       memset                     0000000180002c00 f   libvcruntime:memset.obj
 0001:00001da0       _NLG_Notify                0000000180002da0 f   libvcruntime:notify.obj
 0001:00001dc0       __NLG_Dispatch2            0000000180002dc0 f   libvcruntime:notify.obj
 0001:00001dd0       __NLG_Return2              0000000180002dd0 f   libvcruntime:notify.obj
 0001:00001dd4       __except_validate_context_record 0000000180002dd4 f   libvcruntime:jbcxrval.obj
 0001:00001e0c       __DestructExceptionObject  0000000180002e0c f   libvcruntime:ehhelpers.obj
 0001:00001e80       ?_CallMemberFunction0@@YAXQEAX0@Z 0000000180002e80 f i libvcruntime:ehhelpers.obj
 0001:00001e84       __vcrt_freefls             0000000180002e84 f   libvcruntime:per_thread_data.obj
 0001:00001ea4       __vcrt_freeptd             0000000180002ea4 f   libvcruntime:per_thread_data.obj
 0001:00001ef4       __vcrt_getptd_noexit       0000000180002ef4 f   libvcruntime:per_thread_data.obj
 0001:00001fc0       __vcrt_initialize_ptd      0000000180002fc0 f   libvcruntime:per_thread_data.obj
 0001:00002014       __vcrt_uninitialize_ptd    0000000180003014 f   libvcruntime:per_thread_data.obj
 0001:00002038       __vcrt_initialize_locks    0000000180003038 f   libvcruntime:locks.obj
 0001:00002080       __vcrt_uninitialize_locks  0000000180003080 f   libvcruntime:locks.obj
 0001:00002290       __vcrt_FlsAlloc            0000000180003290 f   libvcruntime:winapi_downlevel.obj
 0001:000022d8       __vcrt_FlsFree             00000001800032d8 f   libvcruntime:winapi_downlevel.obj
 0001:00002320       __vcrt_FlsGetValue         0000000180003320 f   libvcruntime:winapi_downlevel.obj
 0001:00002368       __vcrt_FlsSetValue         0000000180003368 f   libvcruntime:winapi_downlevel.obj
 0001:000023bc       __vcrt_InitializeCriticalSectionEx 00000001800033bc f   libvcruntime:winapi_downlevel.obj
 0001:00002420       __vcrt_initialize_winapi_thunks 0000000180003420 f   libvcruntime:winapi_downlevel.obj
 0001:00002450       __vcrt_uninitialize_winapi_thunks 0000000180003450 f   libvcruntime:winapi_downlevel.obj
 0001:00002490       __vcrt_initialize_pure_virtual_call_handler 0000000180003490 f   libvcruntime:purevirt_data.obj
 0001:000024b0       memcpy_repmovs             00000001800034b0 f   libvcruntime:memcpy.obj
 0001:000024d0       memmove                    00000001800034d0 f   libvcruntime:memcpy.obj
 0001:000024d0       memcpy                     00000001800034d0 f   libvcruntime:memcpy.obj
 0001:00002910       _CallSettingFrame          0000000180003910 f   libvcruntime:handlers.obj
 0001:00002960       _CallSettingFrameEncoded   0000000180003960 f   libvcruntime:handlers.obj
 0001:000029a8       __acrt_call_reportfault    00000001800039a8 f   libucrt:invalid_parameter.obj
 0001:00002b04       __acrt_initialize_invalid_parameter_handler 0000000180003b04 f   libucrt:invalid_parameter.obj
 0001:00002b0c       _invalid_parameter         0000000180003b0c f   libucrt:invalid_parameter.obj
 0001:00002bbc       _invalid_parameter_noinfo  0000000180003bbc f   libucrt:invalid_parameter.obj
 0001:00002bdc       _invalid_parameter_noinfo_noreturn 0000000180003bdc f   libucrt:invalid_parameter.obj
 0001:00002c0c       _invoke_watson             0000000180003c0c f   libucrt:invalid_parameter.obj
 0001:00002c54       ??0_LocaleUpdate@@QEAA@QEAU__crt_locale_pointers@@@Z 0000000180003c54 f i libucrt:stricmp.obj
 0001:00002cf0       __ascii_stricmp            0000000180003cf0 f   libucrt:stricmp.obj
 0001:00002d30       _stricmp                   0000000180003d30 f   libucrt:stricmp.obj
 0001:00002d78       _stricmp_l                 0000000180003d78 f   libucrt:stricmp.obj
 0001:00002e2c       __acrt_initialize_new_handler 0000000180003e2c f   libucrt:new_handler.obj
 0001:00002e34       _callnewh                  0000000180003e34 f   libucrt:new_handler.obj
 0001:00002e64       _query_new_handler         0000000180003e64 f   libucrt:new_handler.obj
 0001:00002e98       malloc                     0000000180003e98 f   libucrt:malloc.obj
 0001:00002ea0       _initterm                  0000000180003ea0 f   libucrt:initterm.obj
 0001:00002f04       _initterm_e                0000000180003f04 f   libucrt:initterm.obj
 0001:00002f44       free                       0000000180003f44 f   libucrt:free.obj
 0001:00002f58       _seh_filter_dll            0000000180003f58 f   libucrt:exception_filter.obj
 0001:00002f6c       _seh_filter_exe            0000000180003f6c f   libucrt:exception_filter.obj
 0001:0000335c       __acrt_initialize_thread_local_exit_callback 000000018000435c f   libucrt:exit.obj
 0001:00003364       _cexit                     0000000180004364 f   libucrt:exit.obj
 0001:00003374       _exit                      0000000180004374 f   libucrt:exit.obj
 0001:00003380       _is_c_termination_complete 0000000180004380 f   libucrt:exit.obj
 0001:0000354c       __acrt_allocate_buffer_for_argv 000000018000454c f   libucrt:argv_parsing.obj
 0001:000035ac       _configure_narrow_argv     00000001800045ac f   libucrt:argv_parsing.obj
 0001:00003924       __dcrt_uninitialize_environments_nolock 0000000180004924 f   libucrt:environment_initialization.obj
 0001:0000395c       _initialize_narrow_environment 000000018000495c f   libucrt:environment_initialization.obj
 0001:00003ab8       _execute_onexit_table      0000000180004ab8 f   libucrt:onexit.obj
 0001:00003af4       _initialize_onexit_table   0000000180004af4 f   libucrt:onexit.obj
 0001:00003b54       __acrt_uninitialize_command_line 0000000180004b54 f   libucrt:argv_data.obj
 0001:00003c4c       __acrt_initialize          0000000180004c4c f   libucrt:initialization.obj
 0001:00003c60       __acrt_thread_attach       0000000180004c60 f   libucrt:initialization.obj
 0001:00003c74       __acrt_thread_detach       0000000180004c74 f   libucrt:initialization.obj
 0001:00003c84       __acrt_uninitialize        0000000180004c84 f   libucrt:initialization.obj
 0001:00003cbc       __acrt_uninitialize_critical 0000000180004cbc f   libucrt:initialization.obj
 0001:00003ccc       terminate                  0000000180004ccc f   libucrt:terminate.obj
 0001:00003cec       strcpy_s                   0000000180004cec f   libucrt:strcpy_s.obj
 0001:00003d60       strncmp                    0000000180004d60 f   libucrt:strncmp.obj
 0001:00003de0       abort                      0000000180004de0 f   libucrt:abort.obj
 0001:00003e38       calloc                     0000000180004e38 f   libucrt:calloc.obj
 0001:00003e40       wcsncmp                    0000000180004e40 f   libucrt:wcsncmp.obj
 0001:000041e4       __acrt_freeptd             00000001800051e4 f   libucrt:per_thread_data.obj
 0001:00004228       __acrt_getptd              0000000180005228 f   libucrt:per_thread_data.obj
 0001:000042fc       __acrt_getptd_head         00000001800052fc f   libucrt:per_thread_data.obj
 0001:000043a4       __acrt_getptd_noexit       00000001800053a4 f   libucrt:per_thread_data.obj
 0001:00004470       __acrt_initialize_ptd      0000000180005470 f   libucrt:per_thread_data.obj
 0001:000044ac       __acrt_uninitialize_ptd    00000001800054ac f   libucrt:per_thread_data.obj
 0001:00004530       _tolower_l                 0000000180005530 f   libucrt:tolower_toupper.obj
 0001:00004670       __acrt_errno_from_os_error 0000000180005670 f   libucrt:errno.obj
 0001:000046b8       __acrt_errno_map_os_error  00000001800056b8 f   libucrt:errno.obj
 0001:00004708       __doserrno                 0000000180005708 f   libucrt:errno.obj
 0001:00004728       _errno                     0000000180005728 f   libucrt:errno.obj
 0001:00004748       __acrt_update_locale_info  0000000180005748 f   libucrt:locale_update.obj
 0001:0000477c       __acrt_update_multibyte_info 000000018000577c f   libucrt:locale_update.obj
 0001:00004820       __acrt_set_locale_changed  0000000180005820 f   libucrt:wsetlocale.obj
 0001:0000482c       __acrt_uninitialize_locale 000000018000582c f   libucrt:wsetlocale.obj
 0001:0000485c       __acrt_initialize_locks    000000018000585c f   libucrt:locks.obj
 0001:000048a4       __acrt_lock                00000001800058a4 f   libucrt:locks.obj
 0001:000048c0       __acrt_uninitialize_locks  00000001800058c0 f   libucrt:locks.obj
 0001:000048f8       __acrt_unlock              00000001800058f8 f   libucrt:locks.obj
 0001:00004914       _malloc_base               0000000180005914 f   libucrt:malloc_base.obj
 0001:00004974       _free_base                 0000000180005974 f   libucrt:free_base.obj
 0001:000049b4       __acrt_get_process_end_policy 00000001800059b4 f   libucrt:win_policies.obj
 0001:000049f0       _calloc_base               00000001800059f0 f   libucrt:calloc_base.obj
 0001:00004a7c       ??$__acrt_mbs_to_wcs_cp@U__crt_win32_buffer_internal_dynamic_resizing@@@@YAHQEBDAEAV?$__crt_win32_buffer@_WU__crt_win32_buffer_internal_dynamic_resizing@@@@I@Z 0000000180005a7c f i libucrt:argv_wildcards.obj
 0001:00004bf4       ??$__acrt_wcs_to_mbs_cp@U__crt_win32_buffer_internal_dynamic_resizing@@@@YAHQEB_WAEAV?$__crt_win32_buffer@DU__crt_win32_buffer_internal_dynamic_resizing@@@@I@Z 0000000180005bf4 f i libucrt:argv_wildcards.obj
 0001:00005424       __acrt_expand_narrow_argv_wildcards 0000000180006424 f   libucrt:argv_wildcards.obj
 0001:0000542c       ??$__acrt_wcs_to_mbs_cp@U__crt_win32_buffer_no_resizing@@@@YAHQEB_WAEAV?$__crt_win32_buffer@DU__crt_win32_buffer_no_resizing@@@@I@Z 000000018000642c f i libucrt:getmodulefilenamea.obj
 0001:00005540       __acrt_GetModuleFileNameA  0000000180006540 f   libucrt:getmodulefilenamea.obj
 0001:00005d8c       __acrt_initialize_multibyte 0000000180006d8c f   libucrt:mbctype.obj
 0001:00005dec       __acrt_update_thread_multibyte_data 0000000180006dec f   libucrt:mbctype.obj
 0001:00005e08       _setmbcp_nolock            0000000180006e08 f   libucrt:mbctype.obj
 0001:0000613c       _ismbblead                 000000018000713c f   libucrt:ismbbyte.obj
 0001:00006150       __acrt_initialize_command_line 0000000180007150 f   libucrt:argv_data.obj
 0001:00006178       __acrt_MultiByteToWideChar 0000000180007178 f   libucrt:multibytetowidechar.obj
 0001:000061d4       __acrt_WideCharToMultiByte 00000001800071d4 f   libucrt:widechartomultibyte.obj
 0001:0000626c       __dcrt_get_narrow_environment_from_os 000000018000726c f   libucrt:get_environment_from_os.obj
 0001:00006370       _recalloc_base             0000000180007370 f   libucrt:recalloc.obj
 0001:000065e0       __acrt_AppPolicyGetProcessTerminationMethodInternal 00000001800075e0 f   libucrt:winapi_thunks.obj
 0001:00006630       __acrt_AreFileApisANSI     0000000180007630 f   libucrt:winapi_thunks.obj
 0001:0000666c       __acrt_FlsAlloc            000000018000766c f   libucrt:winapi_thunks.obj
 0001:000066b4       __acrt_FlsFree             00000001800076b4 f   libucrt:winapi_thunks.obj
 0001:000066fc       __acrt_FlsGetValue         00000001800076fc f   libucrt:winapi_thunks.obj
 0001:00006744       __acrt_FlsSetValue         0000000180007744 f   libucrt:winapi_thunks.obj
 0001:00006798       __acrt_InitializeCriticalSectionEx 0000000180007798 f   libucrt:winapi_thunks.obj
 0001:000067fc       __acrt_LCMapStringEx       00000001800077fc f   libucrt:winapi_thunks.obj
 0001:000068d8       __acrt_LocaleNameToLCID    00000001800078d8 f   libucrt:winapi_thunks.obj
 0001:00006928       __acrt_initialize_winapi_thunks 0000000180007928 f   libucrt:winapi_thunks.obj
 0001:0000695c       __acrt_uninitialize_winapi_thunks 000000018000795c f   libucrt:winapi_thunks.obj
 0001:000069a0       __acrt_initialize_heap     00000001800079a0 f   libucrt:heap_handle.obj
 0001:000069bc       __acrt_uninitialize_heap   00000001800079bc f   libucrt:heap_handle.obj
 0001:00006bc4       __acrt_initialize_lowio    0000000180007bc4 f   libucrt:ioinit.obj
 0001:00006c00       __acrt_uninitialize_lowio  0000000180007c00 f   libucrt:ioinit.obj
 0001:00006c40       __acrt_execute_initializers 0000000180007c40 f   libucrt:shared_initialization.obj
 0001:00006cc0       __acrt_execute_uninitializers 0000000180007cc0 f   libucrt:shared_initialization.obj
 0001:00006d44       __acrt_get_sigabrt_handler 0000000180007d44 f   libucrt:signal.obj
 0001:00006d74       __acrt_initialize_signal_handlers 0000000180007d74 f   libucrt:signal.obj
 0001:00006d94       raise                      0000000180007d94 f   libucrt:signal.obj
 0001:00007000       __acrt_has_user_matherr    0000000180008000 f   libucrt:matherr.obj
 0001:00007020       __acrt_initialize_user_matherr 0000000180008020 f   libucrt:matherr.obj
 0001:00007028       __acrt_invoke_user_matherr 0000000180008028 f   libucrt:matherr.obj
 0001:00007234       __acrt_stdio_flush_nolock  0000000180008234 f   libucrt:fflush.obj
 0001:000072b0       _fflush_nolock             00000001800082b0 f   libucrt:fflush.obj
 0001:000072fc       _flushall                  00000001800082fc f   libucrt:fflush.obj
 0001:00007304       __acrt_initialize_stdio    0000000180008304 f   libucrt:_file.obj
 0001:00007424       __acrt_uninitialize_stdio  0000000180008424 f   libucrt:_file.obj
 0001:00007480       _lock_file                 0000000180008480 f   libucrt:_file.obj
 0001:0000748c       _unlock_file               000000018000848c f   libucrt:_file.obj
 0001:00007498       _mbtowc_l                  0000000180008498 f   libucrt:mbtowc.obj
 0001:00007614       mbtowc                     0000000180008614 f   libucrt:mbtowc.obj
 0001:0000761c       _fileno                    000000018000861c f   libucrt:fileno.obj
 0001:00007644       __pctype_func              0000000180008644 f   libucrt:ctype.obj
 0001:00007674       _isctype_l                 0000000180008674 f   libucrt:isctype.obj
 0001:00007784       __acrt_add_locale_ref      0000000180008784 f   libucrt:locale_refcounting.obj
 0001:00007810       __acrt_free_locale         0000000180008810 f   libucrt:locale_refcounting.obj
 0001:00007988       __acrt_locale_add_lc_time_reference 0000000180008988 f   libucrt:locale_refcounting.obj
 0001:000079b0       __acrt_locale_free_lc_time_if_unreferenced 00000001800089b0 f   libucrt:locale_refcounting.obj
 0001:000079e8       __acrt_locale_release_lc_time_reference 00000001800089e8 f   libucrt:locale_refcounting.obj
 0001:00007a10       __acrt_release_locale_ref  0000000180008a10 f   libucrt:locale_refcounting.obj
 0001:00007ab8       __acrt_update_thread_locale_data 0000000180008ab8 f   libucrt:locale_refcounting.obj
 0001:00007b28       _updatetlocinfoEx_nolock   0000000180008b28 f   libucrt:locale_refcounting.obj
 0001:00007b90       _isleadbyte_l              0000000180008b90 f i libucrt:_wctype.obj
 0001:00007ef4       __acrt_LCMapStringA        0000000180008ef4 f   libucrt:lcmapstringa.obj
 0001:00007f8c       __acrt_locale_free_monetary 0000000180008f8c f   libucrt:initmon.obj
 0001:00008098       __acrt_locale_free_numeric 0000000180009098 f   libucrt:initnum.obj
 0001:0000815c       __acrt_locale_free_time    000000018000915c f   libucrt:inittime.obj
 0001:00008264       __acrt_GetStringTypeA      0000000180009264 f   libucrt:getstringtypea.obj
 0001:000083f4       _query_new_mode            00000001800093f4 f   libucrt:new_mode.obj
 0001:00008400       qsort                      0000000180009400 f   libucrt:qsort.obj
 0001:000087c0       strncpy_s                  00000001800097c0 f   libucrt:strncpy_s.obj
 0001:00008940       strpbrk                    0000000180009940 f   libucrt:strpbrk.obj
 0001:00008d20       _mbsdec                    0000000180009d20 f   libucrt:mbsdec.obj
 0001:00008d28       _mbsdec_l                  0000000180009d28 f   libucrt:mbsdec.obj
 0001:00008dd4       _msize_base                0000000180009dd4 f   libucrt:msize.obj
 0001:00008e10       _realloc_base              0000000180009e10 f   libucrt:realloc_base.obj
 0001:00008f74       __acrt_DownlevelLocaleNameToLCID 0000000180009f74 f   libucrt:lcidtoname_downlevel.obj
 0001:00008fa8       __acrt_lowio_create_handle_array 0000000180009fa8 f   libucrt:osfinfo.obj
 0001:00009050       __acrt_lowio_destroy_handle_array 000000018000a050 f   libucrt:osfinfo.obj
 0001:000090a0       __acrt_lowio_ensure_fh_exists 000000018000a0a0 f   libucrt:osfinfo.obj
 0001:00009148       __acrt_lowio_lock_fh       000000018000a148 f   libucrt:osfinfo.obj
 0001:00009170       __acrt_lowio_unlock_fh     000000018000a170 f   libucrt:osfinfo.obj
 0001:00009198       _free_osfhnd               000000018000a198 f   libucrt:osfinfo.obj
 0001:00009254       _get_osfhandle             000000018000a254 f   libucrt:osfinfo.obj
 0001:00009358       _commit                    000000018000a358 f   libucrt:commit.obj
 0001:00009c58       _write                     000000018000ac58 f   libucrt:write.obj
 0001:00009d44       _write_nolock              000000018000ad44 f   libucrt:write.obj
 0001:0000a020       _fcloseall                 000000018000b020 f   libucrt:closeall.obj
 0001:0000a0d4       __acrt_stdio_free_buffer_nolock 000000018000b0d4 f   libucrt:_freebuf.obj
 0001:0000a114       _isatty                    000000018000b114 f   libucrt:isatty.obj
 0001:0000a174       ?__mbrtowc_utf8@__crt_mbstring@@YA_KPEA_WPEBD_KPEAU_Mbstatet@@@Z 000000018000b174 f   libucrt:mbrtowc.obj
 0001:0000a1b0       ?__mbsrtowcs_utf8@__crt_mbstring@@YA_KPEA_WPEAPEBD_KPEAU_Mbstatet@@@Z 000000018000b1b0 f   libucrt:mbrtowc.obj
 0001:0000a328       __strncnt                  000000018000b328 f   libucrt:strncnt.obj
 0001:0000a340       _query_app_type            000000018000b340 f   libucrt:report_runtime_error.obj
 0001:0000a3e4       _lseeki64_nolock           000000018000b3e4 f   libucrt:lseek.obj
 0001:0000a3ec       _putwch_nolock             000000018000b3ec f   libucrt:putwch.obj
 0001:0000a428       _fclose_nolock             000000018000b428 f   libucrt:fclose.obj
 0001:0000a4ac       fclose                     000000018000b4ac f   libucrt:fclose.obj
 0001:0000a510       ?__mbrtoc32_utf8@__crt_mbstring@@YA_KPEA_UPEBD_KPEAU_Mbstatet@@@Z 000000018000b510 f   libucrt:mbrtoc32.obj
 0001:0000a6f0       log10                      000000018000b6f0 f   libucrt:log10.obj
 0001:0000ac9c       __dcrt_lowio_ensure_console_output_initialized 000000018000bc9c f   libucrt:initcon.obj
 0001:0000acf0       __dcrt_terminate_console_output 000000018000bcf0 f   libucrt:initcon.obj
 0001:0000ad0c       __dcrt_write_console       000000018000bd0c f   libucrt:initcon.obj
 0001:0000ae40       _close                     000000018000be40 f   libucrt:close.obj
 0001:0000aee4       _close_nolock              000000018000bee4 f   libucrt:close.obj
 0001:0000afa4       ?__acrt_stdio_free_stream@@YAXV__crt_stdio_stream@@@Z 000000018000bfa4 f   libucrt:stream.obj
 0001:0000b0e4       _handle_error              000000018000c0e4 f   libucrt:libm_error.obj
 0001:0000b210       __acrt_initialize_fma3     000000018000c210 f   libucrt:fma3_available.obj
 0001:0000b280       _log10_special             000000018000c280 f   libucrt:log_special.obj
 0001:0000b350       _get_fpsr                  000000018000c350 f   libucrt:fpsr.obj
 0001:0000b360       _set_fpsr                  000000018000c360 f   libucrt:fpsr.obj
 0001:0000b36a       _fclrf                     000000018000c36a f   libucrt:fpsr.obj
 0001:0000b37e       _frnd                      000000018000c37e f   libucrt:fpsr.obj
 0001:0000b3a0       _raise_exc                 000000018000c3a0 f   libucrt:fpexcept.obj
 0001:0000b3c8       _raise_exc_ex              000000018000c3c8 f   libucrt:fpexcept.obj
 0001:0000b6d8       _set_errno_from_matherr    000000018000c6d8 f   libucrt:fpexcept.obj
 0001:0000b708       _clrfp                     000000018000c708 f   libucrt:fpctrl.obj
 0001:0000b728       _ctrlfp                    000000018000c728 f   libucrt:fpctrl.obj
 0001:0000b7a4       _set_statfp                000000018000c7a4 f   libucrt:fpctrl.obj
 0001:0000b7c4       _statfp                    000000018000c7c4 f   libucrt:fpctrl.obj
 0001:0000b7d5       IsProcessorFeaturePresent  000000018000c7d5 f   kernel32:KERNEL32.dll
 0001:0000b7dc       ?DloadAcquireSectionWriteAccess@@YAXXZ 000000018000c7dc f i DelayImp:delayhlp.obj
 0001:0000b888       ?DloadGetSRWLockFunctionPointers@@YAEXZ 000000018000c888 f i DelayImp:delayhlp.obj
 0001:0000b924       ?DloadMakePermanentImageCommit@@YAXPEAX_K@Z 000000018000c924 f i DelayImp:delayhlp.obj
 0001:0000b9bc       ?DloadObtainSection@@YAPEAXPEAK0@Z 000000018000c9bc f i DelayImp:delayhlp.obj
 0001:0000ba58       ?DloadProtectSection@@YAXKPEAK@Z 000000018000ca58 f i DelayImp:delayhlp.obj
 0001:0000bae8       ?DloadReleaseSectionWriteAccess@@YAXXZ 000000018000cae8 f i DelayImp:delayhlp.obj
 0001:0000bb7c       __delayLoadHelper2         000000018000cb7c f   DelayImp:delayhlp.obj
 0001:0000be40       _FindPESection             000000018000ce40 f   LIBCMT:pesect.obj
 0001:0000be90       _IsNonwritableInCurrentImage 000000018000ce90 f   LIBCMT:pesect.obj
 0001:0000bee0       _ValidateImageBase         000000018000cee0 f   LIBCMT:pesect.obj
 0001:0000bf10       __GSHandlerCheck           000000018000cf10 f   LIBCMT:gshandler.obj
 0001:0000bf30       __GSHandlerCheckCommon     000000018000cf30 f   LIBCMT:gshandler.obj
 0001:0000bfa0       _alloca_probe              000000018000cfa0 f   LIBCMT:chkstk.obj
 0001:0000bfa0       __chkstk                   000000018000cfa0 f   LIBCMT:chkstk.obj
 0001:0000c010       memcmp                     000000018000d010 f   libvcruntime:memcmp.obj
 0001:0000c0f0       _guard_dispatch_icall_nop  000000018000d0f0 f   LIBCMT:guard_dispatch.obj
 0002:00000000       __imp_GlobalAlloc          000000018000e000     kernel32:KERNEL32.dll
 0002:00000008       __imp_GlobalLock           000000018000e008     kernel32:KERNEL32.dll
 0002:00000010       __imp_GlobalUnlock         000000018000e010     kernel32:KERNEL32.dll
 0002:00000018       __imp_GetModuleHandleA     000000018000e018     kernel32:KERNEL32.dll
 0002:00000020       __imp_LoadLibraryExA       000000018000e020     kernel32:KERNEL32.dll
 0002:00000028       __imp_VirtualQuery         000000018000e028     kernel32:KERNEL32.dll
 0002:00000030       __imp_VirtualProtect       000000018000e030     kernel32:KERNEL32.dll
 0002:00000038       __imp_GetSystemInfo        000000018000e038     kernel32:KERNEL32.dll
 0002:00000040       __imp_WriteConsoleW        000000018000e040     kernel32:KERNEL32.dll
 0002:00000048       __imp_CloseHandle          000000018000e048     kernel32:KERNEL32.dll
 0002:00000050       __imp_RtlCaptureContext    000000018000e050     kernel32:KERNEL32.dll
 0002:00000058       __imp_RtlLookupFunctionEntry 000000018000e058     kernel32:KERNEL32.dll
 0002:00000060       __imp_RtlVirtualUnwind     000000018000e060     kernel32:KERNEL32.dll
 0002:00000068       __imp_UnhandledExceptionFilter 000000018000e068     kernel32:KERNEL32.dll
 0002:00000070       __imp_SetUnhandledExceptionFilter 000000018000e070     kernel32:KERNEL32.dll
 0002:00000078       __imp_GetCurrentProcess    000000018000e078     kernel32:KERNEL32.dll
 0002:00000080       __imp_TerminateProcess     000000018000e080     kernel32:KERNEL32.dll
 0002:00000088       __imp_IsProcessorFeaturePresent 000000018000e088     kernel32:KERNEL32.dll
 0002:00000090       __imp_QueryPerformanceCounter 000000018000e090     kernel32:KERNEL32.dll
 0002:00000098       __imp_GetCurrentProcessId  000000018000e098     kernel32:KERNEL32.dll
 0002:000000a0       __imp_GetCurrentThreadId   000000018000e0a0     kernel32:KERNEL32.dll
 0002:000000a8       __imp_GetSystemTimeAsFileTime 000000018000e0a8     kernel32:KERNEL32.dll
 0002:000000b0       __imp_InitializeSListHead  000000018000e0b0     kernel32:KERNEL32.dll
 0002:000000b8       __imp_IsDebuggerPresent    000000018000e0b8     kernel32:KERNEL32.dll
 0002:000000c0       __imp_GetStartupInfoW      000000018000e0c0     kernel32:KERNEL32.dll
 0002:000000c8       __imp_GetModuleHandleW     000000018000e0c8     kernel32:KERNEL32.dll
 0002:000000d0       __imp_RtlPcToFileHeader    000000018000e0d0     kernel32:KERNEL32.dll
 0002:000000d8       __imp_RaiseException       000000018000e0d8     kernel32:KERNEL32.dll
 0002:000000e0       __imp_RtlUnwindEx          000000018000e0e0     kernel32:KERNEL32.dll
 0002:000000e8       __imp_InterlockedFlushSList 000000018000e0e8     kernel32:KERNEL32.dll
 0002:000000f0       __imp_GetLastError         000000018000e0f0     kernel32:KERNEL32.dll
 0002:000000f8       __imp_SetLastError         000000018000e0f8     kernel32:KERNEL32.dll
 0002:00000100       __imp_EnterCriticalSection 000000018000e100     kernel32:KERNEL32.dll
 0002:00000108       __imp_LeaveCriticalSection 000000018000e108     kernel32:KERNEL32.dll
 0002:00000110       __imp_DeleteCriticalSection 000000018000e110     kernel32:KERNEL32.dll
 0002:00000118       __imp_InitializeCriticalSectionAndSpinCount 000000018000e118     kernel32:KERNEL32.dll
 0002:00000120       __imp_TlsAlloc             000000018000e120     kernel32:KERNEL32.dll
 0002:00000128       __imp_TlsGetValue          000000018000e128     kernel32:KERNEL32.dll
 0002:00000130       __imp_TlsSetValue          000000018000e130     kernel32:KERNEL32.dll
 0002:00000138       __imp_TlsFree              000000018000e138     kernel32:KERNEL32.dll
 0002:00000140       __imp_FreeLibrary          000000018000e140     kernel32:KERNEL32.dll
 0002:00000148       __imp_GetProcAddress       000000018000e148     kernel32:KERNEL32.dll
 0002:00000150       __imp_LoadLibraryExW       000000018000e150     kernel32:KERNEL32.dll
 0002:00000158       __imp_ExitProcess          000000018000e158     kernel32:KERNEL32.dll
 0002:00000160       __imp_GetModuleHandleExW   000000018000e160     kernel32:KERNEL32.dll
 0002:00000168       __imp_GetModuleFileNameW   000000018000e168     kernel32:KERNEL32.dll
 0002:00000170       __imp_HeapAlloc            000000018000e170     kernel32:KERNEL32.dll
 0002:00000178       __imp_HeapFree             000000018000e178     kernel32:KERNEL32.dll
 0002:00000180       __imp_FindClose            000000018000e180     kernel32:KERNEL32.dll
 0002:00000188       __imp_FindFirstFileExW     000000018000e188     kernel32:KERNEL32.dll
 0002:00000190       __imp_FindNextFileW        000000018000e190     kernel32:KERNEL32.dll
 0002:00000198       __imp_IsValidCodePage      000000018000e198     kernel32:KERNEL32.dll
 0002:000001a0       __imp_GetACP               000000018000e1a0     kernel32:KERNEL32.dll
 0002:000001a8       __imp_GetOEMCP             000000018000e1a8     kernel32:KERNEL32.dll
 0002:000001b0       __imp_GetCPInfo            000000018000e1b0     kernel32:KERNEL32.dll
 0002:000001b8       __imp_GetCommandLineA      000000018000e1b8     kernel32:KERNEL32.dll
 0002:000001c0       __imp_GetCommandLineW      000000018000e1c0     kernel32:KERNEL32.dll
 0002:000001c8       __imp_MultiByteToWideChar  000000018000e1c8     kernel32:KERNEL32.dll
 0002:000001d0       __imp_WideCharToMultiByte  000000018000e1d0     kernel32:KERNEL32.dll
 0002:000001d8       __imp_GetEnvironmentStringsW 000000018000e1d8     kernel32:KERNEL32.dll
 0002:000001e0       __imp_FreeEnvironmentStringsW 000000018000e1e0     kernel32:KERNEL32.dll
 0002:000001e8       __imp_LCMapStringW         000000018000e1e8     kernel32:KERNEL32.dll
 0002:000001f0       __imp_GetProcessHeap       000000018000e1f0     kernel32:KERNEL32.dll
 0002:000001f8       __imp_GetStdHandle         000000018000e1f8     kernel32:KERNEL32.dll
 0002:00000200       __imp_GetFileType          000000018000e200     kernel32:KERNEL32.dll
 0002:00000208       __imp_GetStringTypeW       000000018000e208     kernel32:KERNEL32.dll
 0002:00000210       __imp_HeapSize             000000018000e210     kernel32:KERNEL32.dll
 0002:00000218       __imp_HeapReAlloc          000000018000e218     kernel32:KERNEL32.dll
 0002:00000220       __imp_SetStdHandle         000000018000e220     kernel32:KERNEL32.dll
 0002:00000228       __imp_FlushFileBuffers     000000018000e228     kernel32:KERNEL32.dll
 0002:00000230       __imp_WriteFile            000000018000e230     kernel32:KERNEL32.dll
 0002:00000238       __imp_GetConsoleCP         000000018000e238     kernel32:KERNEL32.dll
 0002:00000240       __imp_GetConsoleMode       000000018000e240     kernel32:KERNEL32.dll
 0002:00000248       __imp_SetFilePointerEx     000000018000e248     kernel32:KERNEL32.dll
 0002:00000250       __imp_CreateFileW          000000018000e250     kernel32:KERNEL32.dll
 0002:00000258       \177KERNEL32_NULL_THUNK_DATA 000000018000e258     kernel32:KERNEL32.dll
 0002:00000260       __imp_EmptyClipboard       000000018000e260     user32:USER32.dll
 0002:00000268       __imp_SetClipboardData     000000018000e268     user32:USER32.dll
 0002:00000270       __imp_CloseClipboard       000000018000e270     user32:USER32.dll
 0002:00000278       __imp_OpenClipboard        000000018000e278     user32:USER32.dll
 0002:00000280       \177USER32_NULL_THUNK_DATA 000000018000e280     user32:USER32.dll
 0002:00000288       __guard_check_icall_fptr   000000018000e288     LIBCMT:guard_support.obj
 0002:00000290       __guard_dispatch_icall_fptr 000000018000e290     LIBCMT:guard_support.obj
 0002:00000298       __xc_a                     000000018000e298     LIBCMT:initializers.obj
 0002:000002a0       _register_addon_           000000018000e2a0     hello.obj
 0002:000002a8       __xc_z                     000000018000e2a8     LIBCMT:initializers.obj
 0002:000002b0       __xi_a                     000000018000e2b0     LIBCMT:initializers.obj
 0002:000002b8       __acrt_multibyte_initializer 000000018000e2b8     libucrt:multibyte_initializer.obj
 0002:000002c0       __acrt_stdio_initializer   000000018000e2c0     libucrt:stdio_initializer.obj
 0002:000002c8       __acrt_tran_fma3_initializer 000000018000e2c8     libucrt:fma3_initializer.obj
 0002:000002d0       __xi_z                     000000018000e2d0     LIBCMT:initializers.obj
 0002:000002d8       __xp_a                     000000018000e2d8     LIBCMT:initializers.obj
 0002:000002e0       __acrt_locale_terminator   000000018000e2e0     libucrt:locale_initializer.obj
 0002:000002e8       __dcrt_console_output_terminator 000000018000e2e8     libucrt:console_output_initializer.obj
 0002:000002f0       __acrt_stdio_terminator    000000018000e2f0     libucrt:stdio_initializer.obj
 0002:000002f8       __xp_z                     000000018000e2f8     LIBCMT:initializers.obj
 0002:00000300       __xt_a                     000000018000e300     LIBCMT:initializers.obj
 0002:00000308       __xt_z                     000000018000e308     LIBCMT:initializers.obj
 0002:00000310       __sz_node_exe              000000018000e310     node:node.exe
 0002:00000328       ??_7exception@std@@6B@     000000018000e328     libcpmt:xthrow.obj
 0002:00000338       ??_C@_0BC@EOODALEL@Unknown?5exception@ 000000018000e338     libcpmt:xthrow.obj
 0002:00000358       ??_7bad_alloc@std@@6B@     000000018000e358     libcpmt:xthrow.obj
 0002:00000368       ??_C@_0P@GHFPNOJB@bad?5allocation@ 000000018000e368     libcpmt:xthrow.obj
 0002:00000380       ??_7logic_error@std@@6B@   000000018000e380     libcpmt:xthrow.obj
 0002:00000398       ??_7length_error@std@@6B@  000000018000e398     libcpmt:xthrow.obj
 0002:000003a8       _pRawDllMain               000000018000e3a8     LIBCMT:dll_dllmain.obj
 0002:000003a8       _pDefaultRawDllMain        000000018000e3a8     LIBCMT:dll_dllmain.obj
 0002:000003b8       ??_7type_info@@6B@         000000018000e3b8     LIBCMT:std_type_info_static.obj
 0002:000003d8       ??_7bad_array_new_length@std@@6B@ 000000018000e3d8     LIBCMT:throw_bad_alloc.obj
 0002:000003e8       ??_C@_0BF@KINCDENJ@bad?5array?5new?5length@ 000000018000e3e8     LIBCMT:throw_bad_alloc.obj
 0002:00000440       _pDestructExceptionObject  000000018000e440     libvcruntime:ehhelpers.obj
 0002:00000788       ??_C@_08EHJDFFNH@__based?$CI@ 000000018000e788     libvcruntime:undname.obj
 0002:00000798       ??_C@_07KOLFKCDI@__cdecl@  000000018000e798     libvcruntime:undname.obj
 0002:000007a0       ??_C@_08GHMPAG@__pascal@   000000018000e7a0     libvcruntime:undname.obj
 0002:000007b0       ??_C@_09IFJBGAPI@__stdcall@ 000000018000e7b0     libvcruntime:undname.obj
 0002:000007c0       ??_C@_0L@NPHFGOKO@__thiscall@ 000000018000e7c0     libvcruntime:undname.obj
 0002:000007d0       ??_C@_0L@JMKHOMEK@__fastcall@ 000000018000e7d0     libvcruntime:undname.obj
 0002:000007e0       ??_C@_0N@BCKKPABJ@__vectorcall@ 000000018000e7e0     libvcruntime:undname.obj
 0002:000007f0       ??_C@_09HIJEGCPM@__clrcall@ 000000018000e7f0     libvcruntime:undname.obj
 0002:000007fc       ??_C@_06GHPCKEAG@__eabi@   000000018000e7fc     libvcruntime:undname.obj
 0002:00000808       ??_C@_09IOPIDJLG@__swift_1@ 000000018000e808     libvcruntime:undname.obj
 0002:00000818       ??_C@_09KFNFGKHF@__swift_2@ 000000018000e818     libvcruntime:undname.obj
 0002:00000828       ??_C@_07JOMMBBKO@__ptr64@  000000018000e828     libvcruntime:undname.obj
 0002:00000830       ??_C@_0L@PILCLIHE@__restrict@ 000000018000e830     libvcruntime:undname.obj
 0002:00000840       ??_C@_0M@GFIIJFMG@__unaligned@ 000000018000e840     libvcruntime:undname.obj
 0002:00000850       ??_C@_09DHDLOLLB@restrict?$CI@ 000000018000e850     libvcruntime:undname.obj
 0002:0000085a       ??_C@_00CNPNBAHC@@         000000018000e85a     libvcruntime:undname.obj
 0002:0000085c       ??_C@_04NIHEBCM@?5new@     000000018000e85c     libvcruntime:undname.obj
 0002:00000868       ??_C@_07FPCDHGMM@?5delete@ 000000018000e868     libvcruntime:undname.obj
 0002:00000870       ??_C@_01NEMOKFLO@?$DN@     000000018000e870     libvcruntime:undname.obj
 0002:00000874       ??_C@_02GPIOPFAK@?$DO?$DO@ 000000018000e874     libvcruntime:undname.obj
 0002:00000878       ??_C@_02FODMEDOG@?$DM?$DM@ 000000018000e878     libvcruntime:undname.obj
 0002:0000087c       ??_C@_01DCLJPIOD@?$CB@     000000018000e87c     libvcruntime:undname.obj
 0002:00000880       ??_C@_02EGOFBIJA@?$DN?$DN@ 000000018000e880     libvcruntime:undname.obj
 0002:00000884       ??_C@_02FDNJECIE@?$CB?$DN@ 000000018000e884     libvcruntime:undname.obj
 0002:00000888       ??_C@_02GPECMEKF@?$FL?$FN@ 000000018000e888     libvcruntime:undname.obj
 0002:00000890       ??_C@_08LHJFAFGD@operator@ 000000018000e890     libvcruntime:undname.obj
 0002:0000089c       ??_C@_02HBOOOICD@?9?$DO@   000000018000e89c     libvcruntime:undname.obj
 0002:000008a0       ??_C@_01NBENCBCI@?$CK@     000000018000e8a0     libvcruntime:undname.obj
 0002:000008a4       ??_C@_02ECNGHCIF@?$CL?$CL@ 000000018000e8a4     libvcruntime:undname.obj
 0002:000008a8       ??_C@_02BAABKJLB@?9?9@     000000018000e8a8     libvcruntime:undname.obj
 0002:000008ac       ??_C@_01JOAMLHOP@?9@       000000018000e8ac     libvcruntime:undname.obj
 0002:000008b0       ??_C@_01MIFGBAGJ@?$CL@     000000018000e8b0     libvcruntime:undname.obj
 0002:000008b4       ??_C@_01HNPIGOCE@?$CG@     000000018000e8b4     libvcruntime:undname.obj
 0002:000008b8       ??_C@_03MNHNFDLC@?9?$DO?$CK@ 000000018000e8b8     libvcruntime:undname.obj
 0002:000008bc       ??_C@_01KMDKNFGN@?1@       000000018000e8bc     libvcruntime:undname.obj
 0002:000008c0       ??_C@_01FGNFDNOH@?$CF@     000000018000e8c0     libvcruntime:undname.obj
 0002:000008c4       ??_C@_01MNNFJEPP@?$DM@     000000018000e8c4     libvcruntime:undname.obj
 0002:000008c8       ??_C@_02EHCHHCKH@?$DM?$DN@ 000000018000e8c8     libvcruntime:undname.obj
 0002:000008cc       ??_C@_01PPODPGHN@?$DO@     000000018000e8cc     libvcruntime:undname.obj
 0002:000008d0       ??_C@_02EEKDKGMJ@?$DO?$DN@ 000000018000e8d0     libvcruntime:undname.obj
 0002:000008d4       ??_C@_01IHBHIGKO@?0@       000000018000e8d4     libvcruntime:undname.obj
 0002:000008d8       ??_C@_02HCKGKOFO@?$CI?$CJ@ 000000018000e8d8     libvcruntime:undname.obj
 0002:000008dc       ??_C@_01PJKLJHI@?$HO@      000000018000e8dc     libvcruntime:undname.obj
 0002:000008e0       ??_C@_01JKBOJNNK@?$FO@     000000018000e8e0     libvcruntime:undname.obj
 0002:000008e4       ??_C@_01DNKMNLPK@?$HM@     000000018000e8e4     libvcruntime:undname.obj
 0002:000008e8       ??_C@_02PPKAJPJL@?$CG?$CG@ 000000018000e8e8     libvcruntime:undname.obj
 0002:000008ec       ??_C@_02NONPIBCD@?$HM?$HM@ 000000018000e8ec     libvcruntime:undname.obj
 0002:000008f0       ??_C@_02FPIMKNGF@?$CK?$DN@ 000000018000e8f0     libvcruntime:undname.obj
 0002:000008f4       ??_C@_02FOEOMHFC@?$CL?$DN@ 000000018000e8f4     libvcruntime:undname.obj
 0002:000008f8       ??_C@_02FKMDLLOA@?9?$DN@   000000018000e8f8     libvcruntime:undname.obj
 0002:000008fc       ??_C@_02FJEHGPIO@?1?$DN@   000000018000e8fc     libvcruntime:undname.obj
 0002:00000900       ??_C@_02FENAOKFI@?$CF?$DN@ 000000018000e900     libvcruntime:undname.obj
 0002:00000904       ??_C@_03IKFCCPFF@?$DO?$DO?$DN@ 000000018000e904     libvcruntime:undname.obj
 0002:00000908       ??_C@_03CDNPDDLA@?$DM?$DM?$DN@ 000000018000e908     libvcruntime:undname.obj
 0002:0000090c       ??_C@_02FGJGFEAB@?$CG?$DN@ 000000018000e90c     libvcruntime:undname.obj
 0002:00000910       ??_C@_02DHLNPPGH@?$HM?$DN@ 000000018000e910     libvcruntime:undname.obj
 0002:00000914       ??_C@_02MHEGNOJ@?$FO?$DN@  000000018000e914     libvcruntime:undname.obj
 0002:00000918       ??_C@_09IFPLHPGF@?$GAvftable?8@ 000000018000e918     libvcruntime:undname.obj
 0002:00000928       ??_C@_09BLBHBJP@?$GAvbtable?8@ 000000018000e928     libvcruntime:undname.obj
 0002:00000938       ??_C@_07FEEIOKP@?$GAvcall?8@ 000000018000e938     libvcruntime:undname.obj
 0002:00000940       ??_C@_08LLFFHHDJ@?$GAtypeof?8@ 000000018000e940     libvcruntime:undname.obj
 0002:00000950       ??_C@_0BF@KDPPACIK@?$GAlocal?5static?5guard?8@ 000000018000e950     libvcruntime:undname.obj
 0002:00000968       ??_C@_08OBABFOLI@?$GAstring?8@ 000000018000e968     libvcruntime:undname.obj
 0002:00000978       ??_C@_0BD@JDLKDPAB@?$GAvbase?5destructor?8@ 000000018000e978     libvcruntime:undname.obj
 0002:00000990       ??_C@_0BN@DEGPLNFK@?$GAvector?5deleting?5destructor?8@ 000000018000e990     libvcruntime:undname.obj
 0002:000009b0       ??_C@_0BO@OBMKPJIG@?$GAdefault?5constructor?5closure?8@ 000000018000e9b0     libvcruntime:undname.obj
 0002:000009d0       ??_C@_0BN@IMDCHIKM@?$GAscalar?5deleting?5destructor?8@ 000000018000e9d0     libvcruntime:undname.obj
 0002:000009f0       ??_C@_0BO@PFGOCPJJ@?$GAvector?5constructor?5iterator?8@ 000000018000e9f0     libvcruntime:undname.obj
 0002:00000a10       ??_C@_0BN@LFPFMEDL@?$GAvector?5destructor?5iterator?8@ 000000018000ea10     libvcruntime:undname.obj
 0002:00000a30       ??_C@_0CE@IKBNEHA@?$GAvector?5vbase?5constructor?5itera@ 000000018000ea30     libvcruntime:undname.obj
 0002:00000a58       ??_C@_0BL@NILFHHPC@?$GAvirtual?5displacement?5map?8@ 000000018000ea58     libvcruntime:undname.obj
 0002:00000a78       ??_C@_0CB@JONCMFFK@?$GAeh?5vector?5constructor?5iterator@ 000000018000ea78     libvcruntime:undname.obj
 0002:00000aa0       ??_C@_0CA@GCEOPDGL@?$GAeh?5vector?5destructor?5iterator?8@ 000000018000eaa0     libvcruntime:undname.obj
 0002:00000ac0       ??_C@_0CH@OOJPLCPH@?$GAeh?5vector?5vbase?5constructor?5it@ 000000018000eac0     libvcruntime:undname.obj
 0002:00000ae8       ??_C@_0BL@LLKPOHJI@?$GAcopy?5constructor?5closure?8@ 000000018000eae8     libvcruntime:undname.obj
 0002:00000b08       ??_C@_0BA@KBCDOMBN@?$GAudt?5returning?8@ 000000018000eb08     libvcruntime:undname.obj
 0002:00000b18       ??_C@_03KLGMFNMG@?$GAEH@   000000018000eb18     libvcruntime:undname.obj
 0002:00000b1c       ??_C@_05KHLCHHI@?$GARTTI@  000000018000eb1c     libvcruntime:undname.obj
 0002:00000b28       ??_C@_0BA@KKLDJDLB@?$GAlocal?5vftable?8@ 000000018000eb28     libvcruntime:undname.obj
 0002:00000b38       ??_C@_0CE@IIHCMGGL@?$GAlocal?5vftable?5constructor?5clos@ 000000018000eb38     libvcruntime:undname.obj
 0002:00000b5c       ??_C@_06FHBGPFGH@?5new?$FL?$FN@ 000000018000eb5c     libvcruntime:undname.obj
 0002:00000b68       ??_C@_09LBNFPBCA@?5delete?$FL?$FN@ 000000018000eb68     libvcruntime:undname.obj
 0002:00000b78       ??_C@_0P@HJKNJFNN@?$GAomni?5callsig?8@ 000000018000eb78     libvcruntime:undname.obj
 0002:00000b88       ??_C@_0BL@CNOONJFP@?$GAplacement?5delete?5closure?8@ 000000018000eb88     libvcruntime:undname.obj
 0002:00000ba8       ??_C@_0BN@CKNJLHMB@?$GAplacement?5delete?$FL?$FN?5closure?8@ 000000018000eba8     libvcruntime:undname.obj
 0002:00000bc8       ??_C@_0CG@CFDHKGGD@?$GAmanaged?5vector?5constructor?5ite@ 000000018000ebc8     libvcruntime:undname.obj
 0002:00000bf0       ??_C@_0CF@IMGKMJNO@?$GAmanaged?5vector?5destructor?5iter@ 000000018000ebf0     libvcruntime:undname.obj
 0002:00000c18       ??_C@_0CG@HLDDJMAG@?$GAeh?5vector?5copy?5constructor?5ite@ 000000018000ec18     libvcruntime:undname.obj
 0002:00000c40       ??_C@_0CM@FCBBDIGB@?$GAeh?5vector?5vbase?5copy?5construct@ 000000018000ec40     libvcruntime:undname.obj
 0002:00000c70       ??_C@_0BL@CLIPGLGB@?$GAdynamic?5initializer?5for?5?8@ 000000018000ec70     libvcruntime:undname.obj
 0002:00000c90       ??_C@_0CB@PDBIFEP@?$GAdynamic?5atexit?5destructor?5for?5@ 000000018000ec90     libvcruntime:undname.obj
 0002:00000cb8       ??_C@_0CD@CGAJBKEJ@?$GAvector?5copy?5constructor?5iterat@ 000000018000ecb8     libvcruntime:undname.obj
 0002:00000ce0       ??_C@_0CJ@GJELGAMM@?$GAvector?5vbase?5copy?5constructor?5@ 000000018000ece0     libvcruntime:undname.obj
 0002:00000d10       ??_C@_0CL@FGIJHLCE@?$GAmanaged?5vector?5copy?5constructo@ 000000018000ed10     libvcruntime:undname.obj
 0002:00000d40       ??_C@_0BM@PMGGMLDN@?$GAlocal?5static?5thread?5guard?8@ 000000018000ed40     libvcruntime:undname.obj
 0002:00000d60       ??_C@_0N@BDNMDMOL@operator?5?$CC?$CC?5@ 000000018000ed60     libvcruntime:undname.obj
 0002:00000d70       ??_C@_0BC@GGEBGALA@operator?5co_await@ 000000018000ed70     libvcruntime:undname.obj
 0002:00000d88       ??_C@_0BC@DAFEJGAK@?5Type?5Descriptor?8@ 000000018000ed88     libvcruntime:undname.obj
 0002:00000da0       ??_C@_0BM@LDKODKLH@?5Base?5Class?5Descriptor?5at?5?$CI@ 000000018000eda0     libvcruntime:undname.obj
 0002:00000dc0       ??_C@_0BD@LGICGFMM@?5Base?5Class?5Array?8@ 000000018000edc0     libvcruntime:undname.obj
 0002:00000dd8       ??_C@_0BN@MECKDCOJ@?5Class?5Hierarchy?5Descriptor?8@ 000000018000edd8     libvcruntime:undname.obj
 0002:00000df8       ??_C@_0BK@CFCOFLF@?5Complete?5Object?5Locator?8@ 000000018000edf8     libvcruntime:undname.obj
 0002:00000e30       ??_C@_1DM@KHCHBNEB@?$AAa?$AAp?$AAi?$AA?9?$AAm?$AAs?$AA?9?$AAw?$AAi?$AAn?$AA?9?$AAc?$AAo?$AAr?$AAe@ 000000018000ee30     libvcruntime:winapi_downlevel.obj
 0002:00000e70       ??_C@_1DK@LPPGFMPP@?$AAa?$AAp?$AAi?$AA?9?$AAm?$AAs?$AA?9?$AAw?$AAi?$AAn?$AA?9?$AAc?$AAo?$AAr?$AAe@ 000000018000ee70     libvcruntime:winapi_downlevel.obj
 0002:00000eb0       ??_C@_1BC@GDMECMAK@?$AAk?$AAe?$AAr?$AAn?$AAe?$AAl?$AA3?$AA2@ 000000018000eeb0     libvcruntime:winapi_downlevel.obj
 0002:00000ec8       ??_C@_1BA@PFFKHIOG@?$AAa?$AAp?$AAi?$AA?9?$AAm?$AAs?$AA?9@ 000000018000eec8     libvcruntime:winapi_downlevel.obj
 0002:00000ed8       ??_C@_1BA@IAIFMGEF@?$AAe?$AAx?$AAt?$AA?9?$AAm?$AAs?$AA?9@ 000000018000eed8     libvcruntime:winapi_downlevel.obj
 0002:00000ef0       ??_C@_08KNHFBNJ@FlsAlloc@  000000018000eef0     libvcruntime:winapi_downlevel.obj
 0002:00000f08       ??_C@_07PEJMOBNF@FlsFree@  000000018000ef08     libvcruntime:winapi_downlevel.obj
 0002:00000f18       ??_C@_0M@GDNOONDI@FlsGetValue@ 000000018000ef18     libvcruntime:winapi_downlevel.obj
 0002:00000f30       ??_C@_0M@JCPCPOEF@FlsSetValue@ 000000018000ef30     libvcruntime:winapi_downlevel.obj
 0002:00000f48       ??_C@_0BM@HCFOFFN@InitializeCriticalSectionEx@ 000000018000ef48     libvcruntime:winapi_downlevel.obj
 0002:00000f70       __acrt_exception_action_table 000000018000ef70     libucrt:exception_filter.obj
 0002:00001030       __acrt_signal_action_table_count 000000018000f030     libucrt:exception_filter.obj
 0002:00001038       __acrt_signal_action_first_fpe_index 000000018000f038     libucrt:exception_filter.obj
 0002:00001040       __acrt_signal_action_fpe_count 000000018000f040     libucrt:exception_filter.obj
 0002:00001048       ??_C@_1BI@BGOHAHKC@?$AAm?$AAs?$AAc?$AAo?$AAr?$AAe?$AAe?$AA?4?$AAd?$AAl?$AAl?$AA?$AA@ 000000018000f048     libucrt:exit.obj
 0002:00001060       ??_C@_0P@MIGLKIOC@CorExitProcess?$AA@ 000000018000f060     libucrt:exit.obj
 0002:000012e0       __lc_time_c                000000018000f2e0     libucrt:nlsdata.obj
 0002:000015a0       ??_C@_03KOEHGMDN@Sun?$AA@  000000018000f5a0     libucrt:nlsdata.obj
 0002:000015a4       ??_C@_03PDAGKDH@Mon?$AA@   000000018000f5a4     libucrt:nlsdata.obj
 0002:000015a8       ??_C@_03NAGEINEP@Tue?$AA@  000000018000f5a8     libucrt:nlsdata.obj
 0002:000015ac       ??_C@_03MHOMLAJA@Wed?$AA@  000000018000f5ac     libucrt:nlsdata.obj
 0002:000015b0       ??_C@_03IOFIKPDN@Thu?$AA@  000000018000f5b0     libucrt:nlsdata.obj
 0002:000015b4       ??_C@_03IDIOELNC@Fri?$AA@  000000018000f5b4     libucrt:nlsdata.obj
 0002:000015b8       ??_C@_03FEFJNEK@Sat?$AA@   000000018000f5b8     libucrt:nlsdata.obj
 0002:000015bc       ??_C@_06OOPIFAJ@Sunday?$AA@ 000000018000f5bc     libucrt:nlsdata.obj
 0002:000015c4       ??_C@_06JLEDEDGH@Monday?$AA@ 000000018000f5c4     libucrt:nlsdata.obj
 0002:000015d0       ??_C@_07BAAGCFCM@Tuesday?$AA@ 000000018000f5d0     libucrt:nlsdata.obj
 0002:000015d8       ??_C@_09DLIGFAKA@Wednesday?$AA@ 000000018000f5d8     libucrt:nlsdata.obj
 0002:000015e8       ??_C@_08HACCIKIA@Thursday?$AA@ 000000018000f5e8     libucrt:nlsdata.obj
 0002:000015f4       ??_C@_06JECMNKMI@Friday?$AA@ 000000018000f5f4     libucrt:nlsdata.obj
 0002:00001600       ??_C@_08INBOOONO@Saturday?$AA@ 000000018000f600     libucrt:nlsdata.obj
 0002:0000160c       ??_C@_03JIHJHPIE@Jan?$AA@  000000018000f60c     libucrt:nlsdata.obj
 0002:00001610       ??_C@_03HJBDCHOM@Feb?$AA@  000000018000f610     libucrt:nlsdata.obj
 0002:00001614       ??_C@_03ODNJBKGA@Mar?$AA@  000000018000f614     libucrt:nlsdata.obj
 0002:00001618       ??_C@_03LEOLGMJP@Apr?$AA@  000000018000f618     libucrt:nlsdata.obj
 0002:0000161c       ??_C@_03CNMDKL@May?$AA@    000000018000f61c     libucrt:nlsdata.obj
 0002:00001620       ??_C@_03IDFGHECI@Jun?$AA@  000000018000f620     libucrt:nlsdata.obj
 0002:00001624       ??_C@_03LBGABGKK@Jul?$AA@  000000018000f624     libucrt:nlsdata.obj
 0002:00001628       ??_C@_03IFJFEIGA@Aug?$AA@  000000018000f628     libucrt:nlsdata.obj
 0002:0000162c       ??_C@_03GGCAPAJC@Sep?$AA@  000000018000f62c     libucrt:nlsdata.obj
 0002:00001630       ??_C@_03BMAOKBAD@Oct?$AA@  000000018000f630     libucrt:nlsdata.obj
 0002:00001634       ??_C@_03JPJOFNIA@Nov?$AA@  000000018000f634     libucrt:nlsdata.obj
 0002:00001638       ??_C@_03MKABNOCG@Dec?$AA@  000000018000f638     libucrt:nlsdata.obj
 0002:00001640       ??_C@_07CGJPFGJA@January?$AA@ 000000018000f640     libucrt:nlsdata.obj
 0002:00001648       ??_C@_08GNJGEPFN@February?$AA@ 000000018000f648     libucrt:nlsdata.obj
 0002:00001654       ??_C@_05HPCKOFNC@March?$AA@ 000000018000f654     libucrt:nlsdata.obj
 0002:0000165c       ??_C@_05DMJDNLEJ@April?$AA@ 000000018000f65c     libucrt:nlsdata.obj
 0002:00001664       ??_C@_04CNLMGBGM@June?$AA@ 000000018000f664     libucrt:nlsdata.obj
 0002:0000166c       ??_C@_04MIEPOIFP@July?$AA@ 000000018000f66c     libucrt:nlsdata.obj
 0002:00001674       ??_C@_06LBBHFDDG@August?$AA@ 000000018000f674     libucrt:nlsdata.obj
 0002:00001680       ??_C@_09BHHEALKD@September?$AA@ 000000018000f680     libucrt:nlsdata.obj
 0002:00001690       ??_C@_07JJNFCEND@October?$AA@ 000000018000f690     libucrt:nlsdata.obj
 0002:00001698       ??_C@_08HCHEGEOA@November?$AA@ 000000018000f698     libucrt:nlsdata.obj
 0002:000016a8       ??_C@_08EDHMEBNP@December?$AA@ 000000018000f6a8     libucrt:nlsdata.obj
 0002:000016b4       ??_C@_02DEDBPAFC@AM?$AA@   000000018000f6b4     libucrt:nlsdata.obj
 0002:000016b8       ??_C@_02CJNFDJBF@PM?$AA@   000000018000f6b8     libucrt:nlsdata.obj
 0002:000016c0       ??_C@_08BPBNCDIB@MM?1dd?1yy?$AA@ 000000018000f6c0     libucrt:nlsdata.obj
 0002:000016d0       ??_C@_0BE@CKGJFCPC@dddd?0?5MMMM?5dd?0?5yyyy?$AA@ 000000018000f6d0     libucrt:nlsdata.obj
 0002:000016e8       ??_C@_08JCCMCCIL@HH?3mm?3ss?$AA@ 000000018000f6e8     libucrt:nlsdata.obj
 0002:000016f8       ??_C@_17MBGCMIPB@?$AAS?$AAu?$AAn?$AA?$AA@ 000000018000f6f8     libucrt:nlsdata.obj
 0002:00001700       ??_C@_17KBOMKBF@?$AAM?$AAo?$AAn?$AA?$AA@ 000000018000f700     libucrt:nlsdata.obj
 0002:00001708       ??_C@_17BMKGEGOJ@?$AAT?$AAu?$AAe?$AA?$AA@ 000000018000f708     libucrt:nlsdata.obj
 0002:00001710       ??_C@_17CJEDCEPE@?$AAW?$AAe?$AAd?$AA?$AA@ 000000018000f710     libucrt:nlsdata.obj
 0002:00001718       ??_C@_17PDPHAADD@?$AAT?$AAh?$AAu?$AA?$AA@ 000000018000f718     libucrt:nlsdata.obj
 0002:00001720       ??_C@_17HFOLPPLP@?$AAF?$AAr?$AAi?$AA?$AA@ 000000018000f720     libucrt:nlsdata.obj
 0002:00001728       ??_C@_17GGIBDPIH@?$AAS?$AAa?$AAt?$AA?$AA@ 000000018000f728     libucrt:nlsdata.obj
 0002:00001730       ??_C@_1O@IHNHDHPB@?$AAS?$AAu?$AAn?$AAd?$AAa?$AAy?$AA?$AA@ 000000018000f730     libucrt:nlsdata.obj
 0002:00001740       ??_C@_1O@MMNBFLIA@?$AAM?$AAo?$AAn?$AAd?$AAa?$AAy?$AA?$AA@ 000000018000f740     libucrt:nlsdata.obj
 0002:00001750       ??_C@_1BA@ENFBFFEK@?$AAT?$AAu?$AAe?$AAs?$AAd?$AAa?$AAy?$AA?$AA@ 000000018000f750     libucrt:nlsdata.obj
 0002:00001760       ??_C@_1BE@EBOGMDOH@?$AAW?$AAe?$AAd?$AAn?$AAe?$AAs?$AAd?$AAa?$AAy?$AA?$AA@ 000000018000f760     libucrt:nlsdata.obj
 0002:00001778       ??_C@_1BC@HHMNLIHE@?$AAT?$AAh?$AAu?$AAr?$AAs?$AAd?$AAa?$AAy?$AA?$AA@ 000000018000f778     libucrt:nlsdata.obj
 0002:00001790       ??_C@_1O@PDICJHAG@?$AAF?$AAr?$AAi?$AAd?$AAa?$AAy?$AA?$AA@ 000000018000f790     libucrt:nlsdata.obj
 0002:000017a0       ??_C@_1BC@ENMNNPAJ@?$AAS?$AAa?$AAt?$AAu?$AAr?$AAd?$AAa?$AAy?$AA?$AA@ 000000018000f7a0     libucrt:nlsdata.obj
 0002:000017b8       ??_C@_17DKNBKCHM@?$AAJ?$AAa?$AAn?$AA?$AA@ 000000018000f7b8     libucrt:nlsdata.obj
 0002:000017c0       ??_C@_17LMDJEKJN@?$AAF?$AAe?$AAb?$AA?$AA@ 000000018000f7c0     libucrt:nlsdata.obj
 0002:000017c8       ??_C@_17CKNLEDEC@?$AAM?$AAa?$AAr?$AA?$AA@ 000000018000f7c8     libucrt:nlsdata.obj
 0002:000017d0       ??_C@_17LFPOIHDD@?$AAA?$AAp?$AAr?$AA?$AA@ 000000018000f7d0     libucrt:nlsdata.obj
 0002:000017d8       ??_C@_17PNNKMEED@?$AAM?$AAa?$AAy?$AA?$AA@ 000000018000f7d8     libucrt:nlsdata.obj
 0002:000017e0       ??_C@_17KCJGOCPB@?$AAJ?$AAu?$AAn?$AA?$AA@ 000000018000f7e0     libucrt:nlsdata.obj
 0002:000017e8       ??_C@_17IJPCKHK@?$AAJ?$AAu?$AAl?$AA?$AA@ 000000018000f7e8     libucrt:nlsdata.obj
 0002:000017f0       ??_C@_17ICPELBCN@?$AAA?$AAu?$AAg?$AA?$AA@ 000000018000f7f0     libucrt:nlsdata.obj
 0002:000017f8       ??_C@_17HCHCOKMG@?$AAS?$AAe?$AAp?$AA?$AA@ 000000018000f7f8     libucrt:nlsdata.obj
 0002:00001800       ??_C@_17FNLKOI@?$AAO?$AAc?$AAt?$AA?$AA@ 000000018000f800     libucrt:nlsdata.obj
 0002:00001808       ??_C@_17BBDMLCIG@?$AAN?$AAo?$AAv?$AA?$AA@ 000000018000f808     libucrt:nlsdata.obj
 0002:00001810       ??_C@_17EGKACKIF@?$AAD?$AAe?$AAc?$AA?$AA@ 000000018000f810     libucrt:nlsdata.obj
 0002:00001818       ??_C@_1BA@EFMEIEBA@?$AAJ?$AAa?$AAn?$AAu?$AAa?$AAr?$AAy?$AA?$AA@ 000000018000f818     libucrt:nlsdata.obj
 0002:00001828       ??_C@_1BC@JGDDFFAM@?$AAF?$AAe?$AAb?$AAr?$AAu?$AAa?$AAr?$AAy?$AA?$AA@ 000000018000f828     libucrt:nlsdata.obj
 0002:00001840       ??_C@_1M@IKEENEDF@?$AAM?$AAa?$AAr?$AAc?$AAh?$AA?$AA@ 000000018000f840     libucrt:nlsdata.obj
 0002:00001850       ??_C@_1M@GJNLMHFD@?$AAA?$AAp?$AAr?$AAi?$AAl?$AA?$AA@ 000000018000f850     libucrt:nlsdata.obj
 0002:00001860       ??_C@_19EPFLPGAP@?$AAJ?$AAu?$AAn?$AAe?$AA?$AA@ 000000018000f860     libucrt:nlsdata.obj
 0002:00001870       ??_C@_19BIFMLPCD@?$AAJ?$AAu?$AAl?$AAy?$AA?$AA@ 000000018000f870     libucrt:nlsdata.obj
 0002:00001880       ??_C@_1O@PAHLKOAC@?$AAA?$AAu?$AAg?$AAu?$AAs?$AAt?$AA?$AA@ 000000018000f880     libucrt:nlsdata.obj
 0002:00001890       ??_C@_1BE@DKAAMBJL@?$AAS?$AAe?$AAp?$AAt?$AAe?$AAm?$AAb?$AAe?$AAr?$AA?$AA@ 000000018000f890     libucrt:nlsdata.obj
 0002:000018a8       ??_C@_1BA@EPANDLNG@?$AAO?$AAc?$AAt?$AAo?$AAb?$AAe?$AAr?$AA?$AA@ 000000018000f8a8     libucrt:nlsdata.obj
 0002:000018b8       ??_C@_1BC@BGLIFPF@?$AAN?$AAo?$AAv?$AAe?$AAm?$AAb?$AAe?$AAr?$AA?$AA@ 000000018000f8b8     libucrt:nlsdata.obj
 0002:000018d0       ??_C@_1BC@FEMKIFH@?$AAD?$AAe?$AAc?$AAe?$AAm?$AAb?$AAe?$AAr?$AA?$AA@ 000000018000f8d0     libucrt:nlsdata.obj
 0002:000018e4       ??_C@_15ODEHAHHF@?$AAA?$AAM?$AA?$AA@ 000000018000f8e4     libucrt:nlsdata.obj
 0002:000018ec       ??_C@_15CLMNNGEL@?$AAP?$AAM?$AA?$AA@ 000000018000f8ec     libucrt:nlsdata.obj
 0002:000018f8       ??_C@_1BC@IEBCMHCM@?$AAM?$AAM?$AA?1?$AAd?$AAd?$AA?1?$AAy?$AAy?$AA?$AA@ 000000018000f8f8     libucrt:nlsdata.obj
 0002:00001910       ??_C@_1CI@KNAKOEBC@?$AAd?$AAd?$AAd?$AAd?$AA?0?$AA?5?$AAM?$AAM?$AAM?$AAM?$AA?5?$AAd?$AAd?$AA?0?$AA?5?$AAy?$AAy?$AAy?$AAy?$AA?$AA@ 000000018000f910     libucrt:nlsdata.obj
 0002:00001938       ??_C@_1BC@GDGBMEMK@?$AAH?$AAH?$AA?3?$AAm?$AAm?$AA?3?$AAs?$AAs?$AA?$AA@ 000000018000f938     libucrt:nlsdata.obj
 0002:00001950       ??_C@_1M@BMHNFIME@?$AAe?$AAn?$AA?9?$AAU?$AAS?$AA?$AA@ 000000018000f950     libucrt:nlsdata.obj
 0002:00001980       ??_C@_1M@HPNHIDJI@?$AAj?$AAa?$AA?9?$AAJ?$AAP?$AA?$AA@ 000000018000f980     libucrt:mbctype.obj
 0002:00001990       ??_C@_1M@BIBDDEMK@?$AAz?$AAh?$AA?9?$AAC?$AAN?$AA?$AA@ 000000018000f990     libucrt:mbctype.obj
 0002:000019a0       ??_C@_1M@JLOOOEGK@?$AAk?$AAo?$AA?9?$AAK?$AAR?$AA?$AA@ 000000018000f9a0     libucrt:mbctype.obj
 0002:000019b0       ??_C@_1M@CLNBBOPM@?$AAz?$AAh?$AA?9?$AAT?$AAW?$AA?$AA@ 000000018000f9b0     libucrt:mbctype.obj
 0002:00001a60       ??_C@_1EA@JGEFHKEI@?$AAa?$AAp?$AAi?$AA?9?$AAm?$AAs?$AA?9?$AAw?$AAi?$AAn?$AA?9?$AAc?$AAo?$AAr?$AAe?$AA?9?$AAd?$AAa?$AAt?$AAe?$AAt?$AAi?$AAm?$AAe?$AA?9?$AAl?$AA1?$AA?9?$AA1?$AA?9?$AA1?$AA?$AA@ 000000018000fa60     libucrt:winapi_thunks.obj
 0002:00001aa0       ??_C@_1DM@KHCHBNEB@?$AAa?$AAp?$AAi?$AA?9?$AAm?$AAs?$AA?9?$AAw?$AAi?$AAn?$AA?9?$AAc?$AAo?$AAr?$AAe?$AA?9?$AAf?$AAi?$AAb?$AAe?$AAr?$AAs?$AA?9?$AAl?$AA1?$AA?9?$AA1?$AA?9?$AA1?$AA?$AA@ 000000018000faa0     libucrt:winapi_thunks.obj
 0002:00001ae0       ??_C@_1DI@IJCEHOCB@?$AAa?$AAp?$AAi?$AA?9?$AAm?$AAs?$AA?9?$AAw?$AAi?$AAn?$AA?9?$AAc?$AAo?$AAr?$AAe?$AA?9?$AAf?$AAi?$AAl?$AAe?$AA?9?$AAl?$AA1?$AA?9?$AA2?$AA?9?$AA2?$AA?$AA@ 000000018000fae0     libucrt:winapi_thunks.obj
 0002:00001b20       ??_C@_1EI@MPIAOHOC@?$AAa?$AAp?$AAi?$AA?9?$AAm?$AAs?$AA?9?$AAw?$AAi?$AAn?$AA?9?$AAc?$AAo?$AAr?$AAe?$AA?9?$AAl?$AAo?$AAc?$AAa?$AAl?$AAi?$AAz?$AAa?$AAt?$AAi?$AAo?$AAn?$AA?9?$AAl?$AA1?$AA?9@ 000000018000fb20     libucrt:winapi_thunks.obj
 0002:00001b70       ??_C@_1FK@FPHCKFIE@?$AAa?$AAp?$AAi?$AA?9?$AAm?$AAs?$AA?9?$AAw?$AAi?$AAn?$AA?9?$AAc?$AAo?$AAr?$AAe?$AA?9?$AAl?$AAo?$AAc?$AAa?$AAl?$AAi?$AAz?$AAa?$AAt?$AAi?$AAo?$AAn?$AA?9?$AAo?$AAb?$AAs@ 000000018000fb70     libucrt:winapi_thunks.obj
 0002:00001bd0       ??_C@_1EM@DILCGIIO@?$AAa?$AAp?$AAi?$AA?9?$AAm?$AAs?$AA?9?$AAw?$AAi?$AAn?$AA?9?$AAc?$AAo?$AAr?$AAe?$AA?9?$AAp?$AAr?$AAo?$AAc?$AAe?$AAs?$AAs?$AAt?$AAh?$AAr?$AAe?$AAa?$AAd?$AAs?$AA?9?$AAl@ 000000018000fbd0     libucrt:winapi_thunks.obj
 0002:00001c20       ??_C@_1DM@LNCGDDPN@?$AAa?$AAp?$AAi?$AA?9?$AAm?$AAs?$AA?9?$AAw?$AAi?$AAn?$AA?9?$AAc?$AAo?$AAr?$AAe?$AA?9?$AAs?$AAt?$AAr?$AAi?$AAn?$AAg?$AA?9?$AAl?$AA1?$AA?9?$AA1?$AA?9?$AA0?$AA?$AA@ 000000018000fc20     libucrt:winapi_thunks.obj
 0002:00001c60       ??_C@_1DK@LPPGFMPP@?$AAa?$AAp?$AAi?$AA?9?$AAm?$AAs?$AA?9?$AAw?$AAi?$AAn?$AA?9?$AAc?$AAo?$AAr?$AAe?$AA?9?$AAs?$AAy?$AAn?$AAc?$AAh?$AA?9?$AAl?$AA1?$AA?9?$AA2?$AA?9?$AA0?$AA?$AA@ 000000018000fc60     libucrt:winapi_thunks.obj
 0002:00001ca0       ??_C@_1DO@FPAPJEMD@?$AAa?$AAp?$AAi?$AA?9?$AAm?$AAs?$AA?9?$AAw?$AAi?$AAn?$AA?9?$AAc?$AAo?$AAr?$AAe?$AA?9?$AAs?$AAy?$AAs?$AAi?$AAn?$AAf?$AAo?$AA?9?$AAl?$AA1?$AA?9?$AA2?$AA?9?$AA1?$AA?$AA@ 000000018000fca0     libucrt:winapi_thunks.obj
 0002:00001ce0       ??_C@_1DK@NDHNAHIO@?$AAa?$AAp?$AAi?$AA?9?$AAm?$AAs?$AA?9?$AAw?$AAi?$AAn?$AA?9?$AAc?$AAo?$AAr?$AAe?$AA?9?$AAw?$AAi?$AAn?$AAr?$AAt?$AA?9?$AAl?$AA1?$AA?9?$AA1?$AA?9?$AA0?$AA?$AA@ 000000018000fce0     libucrt:winapi_thunks.obj
 0002:00001d20       ??_C@_1DM@KGHDGBCM@?$AAa?$AAp?$AAi?$AA?9?$AAm?$AAs?$AA?9?$AAw?$AAi?$AAn?$AA?9?$AAc?$AAo?$AAr?$AAe?$AA?9?$AAx?$AAs?$AAt?$AAa?$AAt?$AAe?$AA?9?$AAl?$AA2?$AA?9?$AA1?$AA?9?$AA0?$AA?$AA@ 000000018000fd20     libucrt:winapi_thunks.obj
 0002:00001d60       ??_C@_1EO@IJIOEFOH@?$AAa?$AAp?$AAi?$AA?9?$AAm?$AAs?$AA?9?$AAw?$AAi?$AAn?$AA?9?$AAr?$AAt?$AAc?$AAo?$AAr?$AAe?$AA?9?$AAn?$AAt?$AAu?$AAs?$AAe?$AAr?$AA?9?$AAw?$AAi?$AAn?$AAd?$AAo?$AAw?$AA?9@ 000000018000fd60     libucrt:winapi_thunks.obj
 0002:00001db0       ??_C@_1FG@HHGEKANL@?$AAa?$AAp?$AAi?$AA?9?$AAm?$AAs?$AA?9?$AAw?$AAi?$AAn?$AA?9?$AAs?$AAe?$AAc?$AAu?$AAr?$AAi?$AAt?$AAy?$AA?9?$AAs?$AAy?$AAs?$AAt?$AAe?$AAm?$AAf?$AAu?$AAn?$AAc?$AAt?$AAi@ 000000018000fdb0     libucrt:winapi_thunks.obj
 0002:00001e10       ??_C@_1EG@DBIOJECG@?$AAe?$AAx?$AAt?$AA?9?$AAm?$AAs?$AA?9?$AAw?$AAi?$AAn?$AA?9?$AAn?$AAt?$AAu?$AAs?$AAe?$AAr?$AA?9?$AAd?$AAi?$AAa?$AAl?$AAo?$AAg?$AAb?$AAo?$AAx?$AA?9?$AAl?$AA1?$AA?9?$AA1@ 000000018000fe10     libucrt:winapi_thunks.obj
 0002:00001e60       ??_C@_1EO@FIHMJCLF@?$AAe?$AAx?$AAt?$AA?9?$AAm?$AAs?$AA?9?$AAw?$AAi?$AAn?$AA?9?$AAn?$AAt?$AAu?$AAs?$AAe?$AAr?$AA?9?$AAw?$AAi?$AAn?$AAd?$AAo?$AAw?$AAs?$AAt?$AAa?$AAt?$AAi?$AAo?$AAn?$AA?9@ 000000018000fe60     libucrt:winapi_thunks.obj
 0002:00001eb0       ??_C@_1BC@DNHGCMLG@?$AAa?$AAd?$AAv?$AAa?$AAp?$AAi?$AA3?$AA2?$AA?$AA@ 000000018000feb0     libucrt:winapi_thunks.obj
 0002:00001ec8       ??_C@_1BC@GDMECMAK@?$AAk?$AAe?$AAr?$AAn?$AAe?$AAl?$AA3?$AA2?$AA?$AA@ 000000018000fec8     libucrt:winapi_thunks.obj
 0002:00001ee0       ??_C@_1M@OAIMIKLP@?$AAn?$AAt?$AAd?$AAl?$AAl?$AA?$AA@ 000000018000fee0     libucrt:winapi_thunks.obj
 0002:00001ef0       ??_C@_1EG@DPGNFKGC@?$AAa?$AAp?$AAi?$AA?9?$AAm?$AAs?$AA?9?$AAw?$AAi?$AAn?$AA?9?$AAa?$AAp?$AAp?$AAm?$AAo?$AAd?$AAe?$AAl?$AA?9?$AAr?$AAu?$AAn?$AAt?$AAi?$AAm?$AAe?$AA?9?$AAl?$AA1?$AA?9?$AA1@ 000000018000fef0     libucrt:winapi_thunks.obj
 0002:00001f38       ??_C@_1O@BCCLBEOE@?$AAu?$AAs?$AAe?$AAr?$AA3?$AA2?$AA?$AA@ 000000018000ff38     libucrt:winapi_thunks.obj
 0002:00001f48       ??_C@_1BA@PFFKHIOG@?$AAa?$AAp?$AAi?$AA?9?$AAm?$AAs?$AA?9?$AA?$AA@ 000000018000ff48     libucrt:winapi_thunks.obj
 0002:00001f58       ??_C@_1BA@IAIFMGEF@?$AAe?$AAx?$AAt?$AA?9?$AAm?$AAs?$AA?9?$AA?$AA@ 000000018000ff58     libucrt:winapi_thunks.obj
 0002:00001f70       ??_C@_0BA@FHFNEAED@AreFileApisANSI?$AA@ 000000018000ff70     libucrt:winapi_thunks.obj
 0002:00001f88       ??_C@_08KNHFBNJ@FlsAlloc?$AA@ 000000018000ff88     libucrt:winapi_thunks.obj
 0002:00001fa0       ??_C@_07PEJMOBNF@FlsFree?$AA@ 000000018000ffa0     libucrt:winapi_thunks.obj
 0002:00001fb0       ??_C@_0M@GDNOONDI@FlsGetValue?$AA@ 000000018000ffb0     libucrt:winapi_thunks.obj
 0002:00001fc8       ??_C@_0M@JCPCPOEF@FlsSetValue?$AA@ 000000018000ffc8     libucrt:winapi_thunks.obj
 0002:00001fe0       ??_C@_0BM@HCFOFFN@InitializeCriticalSectionEx?$AA@ 000000018000ffe0     libucrt:winapi_thunks.obj
 0002:00002008       ??_C@_0O@KKBNKAPF@LCMapStringEx?$AA@ 0000000180010008     libucrt:winapi_thunks.obj
 0002:00002020       ??_C@_0BB@HBDEELFH@LocaleNameToLCID?$AA@ 0000000180010020     libucrt:winapi_thunks.obj
 0002:00002038       ??_C@_0CF@OJOFEIGO@AppPolicyGetProcessTerminationMe@ 0000000180010038     libucrt:winapi_thunks.obj
 0002:00002060       __newctype                 0000000180010060     libucrt:ctype.obj
 0002:00002360       __newclmap                 0000000180010360     libucrt:ctype.obj
 0002:000024e0       __newcumap                 00000001800104e0     libucrt:ctype.obj
 0002:00002660       ??_C@_15PJPFLCCM@?$AAu?$AAk?$AA?$AA@ 0000000180010660     libucrt:get_qualified_locale.obj
 0002:000034b0       ??_C@_15EMKDOKLE@?$AAa?$AAr?$AA?$AA@ 00000001800114b0     libucrt:lcidtoname_downlevel.obj
 0002:000034b8       ??_C@_15KNPADPLH@?$AAb?$AAg?$AA?$AA@ 00000001800114b8     libucrt:lcidtoname_downlevel.obj
 0002:000034c0       ??_C@_15EDMHLDMO@?$AAc?$AAa?$AA?$AA@ 00000001800114c0     libucrt:lcidtoname_downlevel.obj
 0002:000034c8       ??_C@_1O@BPEAJADD@?$AAz?$AAh?$AA?9?$AAC?$AAH?$AAS?$AA?$AA@ 00000001800114c8     libucrt:lcidtoname_downlevel.obj
 0002:000034d8       ??_C@_15LJNHCMNK@?$AAc?$AAs?$AA?$AA@ 00000001800114d8     libucrt:lcidtoname_downlevel.obj
 0002:000034e0       ??_C@_15FOMCIDHG@?$AAd?$AAa?$AA?$AA@ 00000001800114e0     libucrt:lcidtoname_downlevel.obj
 0002:000034e8       ??_C@_15NBKABECB@?$AAd?$AAe?$AA?$AA@ 00000001800114e8     libucrt:lcidtoname_downlevel.obj
 0002:000034f0       ??_C@_15GHPEIIAO@?$AAe?$AAl?$AA?$AA@ 00000001800114f0     libucrt:lcidtoname_downlevel.obj
 0002:000034f8       ??_C@_15MNPNEAIF@?$AAe?$AAn?$AA?$AA@ 00000001800114f8     libucrt:lcidtoname_downlevel.obj
 0002:00003500       ??_C@_15GPIOMPMH@?$AAe?$AAs?$AA?$AA@ 0000000180011500     libucrt:lcidtoname_downlevel.obj
 0002:00003508       ??_C@_15NGLOAKJC@?$AAf?$AAi?$AA?$AA@ 0000000180011508     libucrt:lcidtoname_downlevel.obj
 0002:00003510       ??_C@_15FBKGNKAM@?$AAf?$AAr?$AA?$AA@ 0000000180011510     libucrt:lcidtoname_downlevel.obj
 0002:00003518       ??_C@_15KGGCNEFK@?$AAh?$AAe?$AA?$AA@ 0000000180011518     libucrt:lcidtoname_downlevel.obj
 0002:00003520       ??_C@_15PGHLIDMF@?$AAh?$AAu?$AA?$AA@ 0000000180011520     libucrt:lcidtoname_downlevel.obj
 0002:00003528       ??_C@_15BIEMAPLM@?$AAi?$AAs?$AA?$AA@ 0000000180011528     libucrt:lcidtoname_downlevel.obj
 0002:00003530       ??_C@_15IFJLDHAF@?$AAi?$AAt?$AA?$AA@ 0000000180011530     libucrt:lcidtoname_downlevel.obj
 0002:00003538       ??_C@_15GEMIOCAG@?$AAj?$AAa?$AA?$AA@ 0000000180011538     libucrt:lcidtoname_downlevel.obj
 0002:00003540       ??_C@_15EPELEGJA@?$AAk?$AAo?$AA?$AA@ 0000000180011540     libucrt:lcidtoname_downlevel.obj
 0002:00003548       ??_C@_15NDDHIMN@?$AAn?$AAl?$AA?$AA@ 0000000180011548     libucrt:lcidtoname_downlevel.obj
 0002:00003550       ??_C@_15BPIGNHCD@?$AAn?$AAo?$AA?$AA@ 0000000180011550     libucrt:lcidtoname_downlevel.obj
 0002:00003558       ??_C@_15DEOPBLCG@?$AAp?$AAl?$AA?$AA@ 0000000180011558     libucrt:lcidtoname_downlevel.obj
 0002:00003560       ??_C@_15KBECGEFG@?$AAp?$AAt?$AA?$AA@ 0000000180011560     libucrt:lcidtoname_downlevel.obj
 0002:00003568       ??_C@_15GLJCBFMD@?$AAr?$AAo?$AA?$AA@ 0000000180011568     libucrt:lcidtoname_downlevel.obj
 0002:00003570       ??_C@_15FEDGKCDI@?$AAr?$AAu?$AA?$AA@ 0000000180011570     libucrt:lcidtoname_downlevel.obj
 0002:00003578       ??_C@_15GLKMLLHM@?$AAh?$AAr?$AA?$AA@ 0000000180011578     libucrt:lcidtoname_downlevel.obj
 0002:00003580       ??_C@_15CPKMFBDB@?$AAs?$AAk?$AA?$AA@ 0000000180011580     libucrt:lcidtoname_downlevel.obj
 0002:00003588       ??_C@_15BAAIOGMK@?$AAs?$AAq?$AA?$AA@ 0000000180011588     libucrt:lcidtoname_downlevel.obj
 0002:00003590       ??_C@_15INNPNOHD@?$AAs?$AAv?$AA?$AA@ 0000000180011590     libucrt:lcidtoname_downlevel.obj
 0002:00003598       ??_C@_15CABMMOGH@?$AAt?$AAh?$AA?$AA@ 0000000180011598     libucrt:lcidtoname_downlevel.obj
 0002:000035a0       ??_C@_15BPLIHJJM@?$AAt?$AAr?$AA?$AA@ 00000001800115a0     libucrt:lcidtoname_downlevel.obj
 0002:000035a8       ??_C@_15NEOEKKDJ@?$AAu?$AAr?$AA?$AA@ 00000001800115a8     libucrt:lcidtoname_downlevel.obj
 0002:000035b0       ??_C@_15NFICGAJK@?$AAi?$AAd?$AA?$AA@ 00000001800115b0     libucrt:lcidtoname_downlevel.obj
 0002:000035b8       ??_C@_15HPJPHDM@?$AAb?$AAe?$AA?$AA@ 00000001800115b8     libucrt:lcidtoname_downlevel.obj
 0002:000035c0       ??_C@_15LCHLGJII@?$AAs?$AAl?$AA?$AA@ 00000001800115c0     libucrt:lcidtoname_downlevel.obj
 0002:000035c8       ??_C@_15PCFJPHHO@?$AAe?$AAt?$AA?$AA@ 00000001800115c8     libucrt:lcidtoname_downlevel.obj
 0002:000035d0       ??_C@_15HPFPGODN@?$AAl?$AAv?$AA?$AA@ 00000001800115d0     libucrt:lcidtoname_downlevel.obj
 0002:000035d8       ??_C@_15NFFGKGLG@?$AAl?$AAt?$AA?$AA@ 00000001800115d8     libucrt:lcidtoname_downlevel.obj
 0002:000035e0       ??_C@_15BDAKCCHN@?$AAf?$AAa?$AA?$AA@ 00000001800115e0     libucrt:lcidtoname_downlevel.obj
 0002:000035e8       ??_C@_15NFGIAIAJ@?$AAv?$AAi?$AA?$AA@ 00000001800115e8     libucrt:lcidtoname_downlevel.obj
 0002:000035f0       ??_C@_15LMKNDMHN@?$AAh?$AAy?$AA?$AA@ 00000001800115f0     libucrt:lcidtoname_downlevel.obj
 0002:000035f8       ??_C@_15IJBHMCFL@?$AAa?$AAz?$AA?$AA@ 00000001800115f8     libucrt:lcidtoname_downlevel.obj
 0002:00003600       ??_C@_15EKOFJABL@?$AAe?$AAu?$AA?$AA@ 0000000180011600     libucrt:lcidtoname_downlevel.obj
 0002:00003608       ??_C@_15BGHADCNK@?$AAm?$AAk?$AA?$AA@ 0000000180011608     libucrt:lcidtoname_downlevel.obj
 0002:00003610       ??_C@_15JDNICKHM@?$AAa?$AAf?$AA?$AA@ 0000000180011610     libucrt:lcidtoname_downlevel.obj
 0002:00003618       ??_C@_15KPJEDBKD@?$AAk?$AAa?$AA?$AA@ 0000000180011618     libucrt:lcidtoname_downlevel.obj
 0002:00003620       ??_C@_15PDNFFFEO@?$AAf?$AAo?$AA?$AA@ 0000000180011620     libucrt:lcidtoname_downlevel.obj
 0002:00003628       ??_C@_15OMLEGLOC@?$AAh?$AAi?$AA?$AA@ 0000000180011628     libucrt:lcidtoname_downlevel.obj
 0002:00003630       ??_C@_15IDNNENKK@?$AAm?$AAs?$AA?$AA@ 0000000180011630     libucrt:lcidtoname_downlevel.obj
 0002:00003638       ??_C@_15MACJNBMH@?$AAk?$AAk?$AA?$AA@ 0000000180011638     libucrt:lcidtoname_downlevel.obj
 0002:00003640       ??_C@_15DKDJEOND@?$AAk?$AAy?$AA?$AA@ 0000000180011640     libucrt:lcidtoname_downlevel.obj
 0002:00003648       ??_C@_15DFGDLJBG@?$AAs?$AAw?$AA?$AA@ 0000000180011648     libucrt:lcidtoname_downlevel.obj
 0002:00003650       ??_C@_15BBFAICNG@?$AAu?$AAz?$AA?$AA@ 0000000180011650     libucrt:lcidtoname_downlevel.obj
 0002:00003658       ??_C@_15DKNDCGEA@?$AAt?$AAt?$AA?$AA@ 0000000180011658     libucrt:lcidtoname_downlevel.obj
 0002:00003660       ??_C@_15MGIFMDPL@?$AAp?$AAa?$AA?$AA@ 0000000180011660     libucrt:lcidtoname_downlevel.obj
[...]
 0004:0000087c       $pdata$_recalloc_base      000000018001a87c     libucrt:recalloc.obj
 0004:00000888       $pdata$?try_get_function@@YAPEAXW4function_id@?A0x391cf84c@@QEBDQEBW4module_id@2@2@Z 000000018001a888     libucrt:winapi_thunks.obj
 0004:00000894       $pdata$__acrt_AppPolicyGetProcessTerminationMethodInternal 000000018001a894     libucrt:winapi_thunks.obj
 0004:000008a0       $pdata$__acrt_AreFileApisANSI 000000018001a8a0     libucrt:winapi_thunks.obj
 0004:000008ac       $pdata$__acrt_FlsAlloc     000000018001a8ac     libucrt:winapi_thunks.obj
 0004:000008b8       $pdata$__acrt_FlsFree      000000018001a8b8     libucrt:winapi_thunks.obj
 0004:000008c4       $pdata$__acrt_FlsGetValue  000000018001a8c4     libucrt:winapi_thunks.obj
 0004:000008d0       $pdata$__acrt_FlsSetValue  000000018001a8d0     libucrt:winapi_thunks.obj
 0004:000008dc       $pdata$__acrt_InitializeCriticalSectionEx 000000018001a8dc     libucrt:winapi_thunks.obj
 0004:000008e8       $pdata$__acrt_LCMapStringEx 000000018001a8e8     libucrt:winapi_thunks.obj
 0004:000008f4       $pdata$__acrt_LocaleNameToLCID 000000018001a8f4     libucrt:winapi_thunks.obj
 0004:00000900       $pdata$__acrt_initialize_winapi_thunks 000000018001a900     libucrt:winapi_thunks.obj
 0004:0000090c       $pdata$__acrt_uninitialize_winapi_thunks 000000018001a90c     libucrt:winapi_thunks.obj
 0004:00000918       $pdata$__acrt_initialize_heap 000000018001a918     libucrt:heap_handle.obj
 0004:00000924       $pdata$?initialize_inherited_file_handles_nolock@@YAXXZ 000000018001a924     libucrt:ioinit.obj
 0004:00000930       $pdata$?initialize_stdio_handles_nolock@@YAXXZ 000000018001a930     libucrt:ioinit.obj
 0004:0000093c       $pdata$__acrt_initialize_lowio 000000018001a93c     libucrt:ioinit.obj
 0004:00000948       $pdata$__acrt_uninitialize_lowio 000000018001a948     libucrt:ioinit.obj
 0004:00000954       $pdata$__acrt_execute_initializers 000000018001a954     libucrt:shared_initialization.obj
 0004:00000960       $pdata$__acrt_execute_uninitializers 000000018001a960     libucrt:shared_initialization.obj
 0004:0000096c       $pdata$??$?RV<lambda_450d765d439847d4c735a33c368b5fc0>@@AEAV<lambda_44731a7d0e6d81c3e6aa82d741081786>@@V<lambda_601a2a7da3b7a96e9554ac7215c4b07c>@@@?$__crt_seh_guarded_call@P6AXH@Z@@QEAAP6AXH@Z$$QEAV<lambda_450d765d439847d4c735a33c368b5fc0>@@AEAV<lambda_44731a7d0e6d81c3e6aa82d741081786>@@$$QEAV<lambda_601a2a7da3b7a96e9554ac7215c4b07c>@@@Z 000000018001a96c     libucrt:signal.obj
 0004:00000978       $pdata$__acrt_get_sigabrt_handler 000000018001a978     libucrt:signal.obj
 0004:00000984       $pdata$raise               000000018001a984     libucrt:signal.obj
 0004:00000990       $pdata$??$?RV<lambda_842d9ff0dc9ef11c61343bbaebe7f885>@@AEAV<lambda_c5860995281e5c4ce005b3de8f5874ee>@@V<lambda_d90129c13df834fdcbf8d2b88dafcf2d>@@@?$__crt_seh_guarded_call@X@@QEAAX$$QEAV<lambda_842d9ff0dc9ef11c61343bbaebe7f885>@@AEAV<lambda_c5860995281e5c4ce005b3de8f5874ee>@@$$QEAV<lambda_d90129c13df834fdcbf8d2b88dafcf2d>@@@Z 000000018001a990     libucrt:fflush.obj
 0004:0000099c       $pdata$??$?RV<lambda_886d6c58226a84441f68b9f2b8217b83>@@AEAV<lambda_ab61a845afdef5b7c387490eaf3616ee>@@V<lambda_f7f22ab5edc0698d5f6905b0d3f44752>@@@?$__crt_seh_guarded_call@X@@QEAAX$$QEAV<lambda_886d6c58226a84441f68b9f2b8217b83>@@AEAV<lambda_ab61a845afdef5b7c387490eaf3616ee>@@$$QEAV<lambda_f7f22ab5edc0698d5f6905b0d3f44752>@@@Z 000000018001a99c     libucrt:fflush.obj
 0004:000009a8       $pdata$?common_flush_all@@YAH_N@Z 000000018001a9a8     libucrt:fflush.obj
 0004:000009b4       $pdata$__acrt_stdio_flush_nolock 000000018001a9b4     libucrt:fflush.obj
 0004:000009c0       $pdata$_fflush_nolock      000000018001a9c0     libucrt:fflush.obj
 0004:000009cc       $pdata$__acrt_initialize_stdio 000000018001a9cc     libucrt:_file.obj
 0004:000009d8       $pdata$__acrt_uninitialize_stdio 000000018001a9d8     libucrt:_file.obj
 0004:000009e4       $pdata$_mbtowc_l           000000018001a9e4     libucrt:mbtowc.obj
 0004:000009f0       $pdata$_fileno             000000018001a9f0     libucrt:fileno.obj
 0004:000009fc       $pdata$__pctype_func       000000018001a9fc     libucrt:ctype.obj
 0004:00000a08       $pdata$_isctype_l          000000018001aa08     libucrt:isctype.obj
 0004:00000a14       $pdata$__acrt_free_locale  000000018001aa14     libucrt:locale_refcounting.obj
 0004:00000a20       $pdata$__acrt_locale_free_lc_time_if_unreferenced 000000018001aa20     libucrt:locale_refcounting.obj
 0004:00000a2c       $pdata$__acrt_release_locale_ref 000000018001aa2c     libucrt:locale_refcounting.obj
 0004:00000a38       $pdata$__acrt_update_thread_locale_data 000000018001aa38     libucrt:locale_refcounting.obj
 0004:00000a44       $pdata$_updatetlocinfoEx_nolock 000000018001aa44     libucrt:locale_refcounting.obj
 0004:00000a50       $pdata$_isleadbyte_l       000000018001aa50     libucrt:_wctype.obj
 0004:00000a5c       $pdata$?__acrt_LCMapStringA_stat@@YAHPEAU__crt_locale_pointers@@PEB_WKPEBDHPEADHHH@Z 000000018001aa5c     libucrt:lcmapstringa.obj
 0004:00000a68       $pdata$__acrt_LCMapStringA 000000018001aa68     libucrt:lcmapstringa.obj
 0004:00000a74       $pdata$__acrt_locale_free_monetary 000000018001aa74     libucrt:initmon.obj
 0004:00000a80       $pdata$__acrt_locale_free_numeric 000000018001aa80     libucrt:initnum.obj
 0004:00000a8c       $pdata$?free_crt_array_internal@@YAXQEAPEBX_K@Z 000000018001aa8c     libucrt:inittime.obj
 0004:00000a98       $pdata$__acrt_locale_free_time 000000018001aa98     libucrt:inittime.obj
 0004:00000aa4       $pdata$__acrt_GetStringTypeA 000000018001aaa4     libucrt:getstringtypea.obj
 0004:00000ab0       $pdata$qsort               000000018001aab0     libucrt:qsort.obj
 0004:00000abc       $pdata$4$qsort             000000018001aabc     libucrt:qsort.obj
 0004:00000ac8       $pdata$5$qsort             000000018001aac8     libucrt:qsort.obj
 0004:00000ad4       $pdata$strncpy_s           000000018001aad4     libucrt:strncpy_s.obj
 0004:00000ae0       $pdata$fallbackMethod      000000018001aae0     libucrt:strpbrk.obj
 0004:00000aec       $pdata$strpbrk             000000018001aaec     libucrt:strpbrk.obj
 0004:00000af8       $pdata$_mbsdec_l           000000018001aaf8     libucrt:mbsdec.obj
 0004:00000b04       $pdata$?initialize_multibyte@@YAHXZ 000000018001ab04     libucrt:multibyte_initializer.obj
 0004:00000b10       $pdata$_msize_base         000000018001ab10     libucrt:msize.obj
 0004:00000b1c       $pdata$_realloc_base       000000018001ab1c     libucrt:realloc_base.obj
 0004:00000b28       $pdata$?GetTableIndexFromLocaleName@@YAHPEB_W@Z 000000018001ab28     libucrt:lcidtoname_downlevel.obj
 0004:00000b34       $pdata$__acrt_DownlevelLocaleNameToLCID 000000018001ab34     libucrt:lcidtoname_downlevel.obj
 0004:00000b40       $pdata$__acrt_lowio_create_handle_array 000000018001ab40     libucrt:osfinfo.obj
 0004:00000b4c       $pdata$__acrt_lowio_destroy_handle_array 000000018001ab4c     libucrt:osfinfo.obj
 0004:00000b58       $pdata$__acrt_lowio_ensure_fh_exists 000000018001ab58     libucrt:osfinfo.obj
 0004:00000b64       $pdata$_free_osfhnd        000000018001ab64     libucrt:osfinfo.obj
 0004:00000b70       $pdata$_get_osfhandle      000000018001ab70     libucrt:osfinfo.obj
 0004:00000b7c       $pdata$??$?RV<lambda_a37b2b86f63e897a80ea819b0eb08c01>@@AEAV<lambda_38ce7e780aa69e748d6df282ebc68efe>@@V<lambda_99fb1378e971ab6e7edea83e3a7a83a2>@@@?$__crt_seh_guarded_call@H@@QEAAH$$QEAV<lambda_a37b2b86f63e897a80ea819b0eb08c01>@@AEAV<lambda_38ce7e780aa69e748d6df282ebc68efe>@@$$QEAV<lambda_99fb1378e971ab6e7edea83e3a7a83a2>@@@Z 000000018001ab7c     libucrt:commit.obj
 0004:00000b88       $pdata$_commit             000000018001ab88     libucrt:commit.obj
 0004:00000b94       $pdata$?write_double_translated_ansi_nolock@@YA?AUwrite_result@?A0x17268360@@HQEBDI@Z 000000018001ab94     libucrt:write.obj
 0004:00000ba0       $pdata$?write_text_ansi_nolock@@YA?AUwrite_result@?A0x17268360@@HQEBDI@Z 000000018001aba0     libucrt:write.obj
 0004:00000bac       $pdata$?write_text_utf16le_nolock@@YA?AUwrite_result@?A0x17268360@@HQEBDI@Z 000000018001abac     libucrt:write.obj
 0004:00000bb8       $pdata$?write_text_utf8_nolock@@YA?AUwrite_result@?A0x17268360@@HQEBDI@Z 000000018001abb8     libucrt:write.obj
 0004:00000bc4       $pdata$_write              000000018001abc4     libucrt:write.obj
 0004:00000bd0       $pdata$_write_nolock       000000018001abd0     libucrt:write.obj
 0004:00000bdc       $pdata$_fcloseall          000000018001abdc     libucrt:closeall.obj
 0004:00000be8       $pdata$__acrt_stdio_free_buffer_nolock 000000018001abe8     libucrt:_freebuf.obj
 0004:00000bf4       $pdata$_isatty             000000018001abf4     libucrt:isatty.obj
 0004:00000c00       $pdata$?__mbrtowc_utf8@__crt_mbstring@@YA_KPEA_WPEBD_KPEAU_Mbstatet@@@Z 000000018001ac00     libucrt:mbrtowc.obj
 0004:00000c0c       $pdata$?__mbsrtowcs_utf8@__crt_mbstring@@YA_KPEA_WPEAPEBD_KPEAU_Mbstatet@@@Z 000000018001ac0c     libucrt:mbrtowc.obj
 0004:00000c18       $pdata$??$common_lseek_nolock@_J@@YA_JH_JH@Z 000000018001ac18     libucrt:lseek.obj
 0004:00000c24       $pdata$_putwch_nolock      000000018001ac24     libucrt:putwch.obj
 0004:00000c30       $pdata$_fclose_nolock      000000018001ac30     libucrt:fclose.obj
 0004:00000c3c       $pdata$fclose              000000018001ac3c     libucrt:fclose.obj
 0004:00000c48       $pdata$?__mbrtoc32_utf8@__crt_mbstring@@YA_KPEA_UPEBD_KPEAU_Mbstatet@@@Z 000000018001ac48     libucrt:mbrtoc32.obj
 0004:00000c60       $pdata$__dcrt_lowio_ensure_console_output_initialized 000000018001ac60     libucrt:initcon.obj
 0004:00000c6c       $pdata$__dcrt_terminate_console_output 000000018001ac6c     libucrt:initcon.obj
 0004:00000c78       $pdata$__dcrt_write_console 000000018001ac78     libucrt:initcon.obj
 0004:00000c84       $pdata$??$?RV<lambda_751a882b2c74d4b022dec766aa51a29a>@@AEAV<lambda_628dfdc04ba53c8bfc02c9951375f3f5>@@V<lambda_f6c7be5f7998530c34de24c7437d6b54>@@@?$__crt_seh_guarded_call@H@@QEAAH$$QEAV<lambda_751a882b2c74d4b022dec766aa51a29a>@@AEAV<lambda_628dfdc04ba53c8bfc02c9951375f3f5>@@$$QEAV<lambda_f6c7be5f7998530c34de24c7437d6b54>@@@Z 000000018001ac84     libucrt:close.obj
 0004:00000c90       $pdata$_close              000000018001ac90     libucrt:close.obj
 0004:00000c9c       $pdata$_close_nolock       000000018001ac9c     libucrt:close.obj
 0004:00000ca8       $pdata$_call_matherr       000000018001aca8     libucrt:libm_error.obj
 0004:00000cb4       $pdata$_exception_enabled  000000018001acb4     libucrt:libm_error.obj
 0004:00000cc0       $pdata$_handle_error       000000018001acc0     libucrt:libm_error.obj
 0004:00000ccc       $pdata$__acrt_initialize_fma3 000000018001accc     libucrt:fma3_available.obj
 0004:00000cd8       $pdata$_log10_special      000000018001acd8     libucrt:log_special.obj
 0004:00000ce4       $pdata$_log_special_common 000000018001ace4     libucrt:log_special.obj
 0004:00000cfc       $pdata$_raise_exc          000000018001acfc     libucrt:fpexcept.obj
 0004:00000d08       $pdata$_raise_exc_ex       000000018001ad08     libucrt:fpexcept.obj
 0004:00000d14       $pdata$_set_errno_from_matherr 000000018001ad14     libucrt:fpexcept.obj
 0004:00000d20       $pdata$_clrfp              000000018001ad20     libucrt:fpctrl.obj
 0004:00000d2c       $pdata$_ctrlfp             000000018001ad2c     libucrt:fpctrl.obj
 0004:00000d38       $pdata$_set_statfp         000000018001ad38     libucrt:fpctrl.obj
 0004:00000d44       $pdata$_statfp             000000018001ad44     libucrt:fpctrl.obj
 0004:00000d50       $pdata$?DloadAcquireSectionWriteAccess@@YAXXZ 000000018001ad50     DelayImp:delayhlp.obj
 0004:00000d5c       $pdata$?DloadGetSRWLockFunctionPointers@@YAEXZ 000000018001ad5c     DelayImp:delayhlp.obj
 0004:00000d68       $pdata$?DloadMakePermanentImageCommit@@YAXPEAX_K@Z 000000018001ad68     DelayImp:delayhlp.obj
 0004:00000d74       $pdata$?DloadObtainSection@@YAPEAXPEAK0@Z 000000018001ad74     DelayImp:delayhlp.obj
 0004:00000d80       $pdata$?DloadProtectSection@@YAXKPEAK@Z 000000018001ad80     DelayImp:delayhlp.obj
 0004:00000d8c       $pdata$?DloadReleaseSectionWriteAccess@@YAXXZ 000000018001ad8c     DelayImp:delayhlp.obj
 0004:00000d98       $pdata$__delayLoadHelper2  000000018001ad98     DelayImp:delayhlp.obj
 0004:00000da4       $pdata$_IsNonwritableInCurrentImage 000000018001ada4     LIBCMT:pesect.obj
 0004:00000db0       $pdata$__GSHandlerCheck    000000018001adb0     LIBCMT:gshandler.obj
 0004:00000dbc       $pdata$__GSHandlerCheckCommon 000000018001adbc     LIBCMT:gshandler.obj
 0004:00000dec       $pdata$?fin$0@?0??dllmain_crt_process_attach@@YAHQEAUHINSTANCE__@@QEAX@Z@4HA 000000018001adec     LIBCMT:dll_dllmain.obj
 0004:00000df8       $pdata$?fin$0@?0??dllmain_crt_process_detach@@YAH_N@Z@4HA 000000018001adf8     LIBCMT:dll_dllmain.obj
 0004:00000e04       $pdata$?filt$0@?0??dllmain_dispatch@@YAHQEAUHINSTANCE__@@KQEAX@Z@4HA 000000018001ae04     LIBCMT:dll_dllmain.obj
 0004:00000e10       $pdata$__scrt_is_nonwritable_in_current_image$filt$0 000000018001ae10     LIBCMT:utility.obj
 0004:00000e1c       $pdata$__DestructExceptionObject$filt$0 000000018001ae1c     libvcruntime:ehhelpers.obj
 0004:00000e28       $pdata$_query_new_handler$fin$0 000000018001ae28     libucrt:new_handler.obj
 0004:00000e34       $pdata$?fin$0@?0???$?RV<lambda_efdfa57d1f175319df784efa44bb7b81>@@AEAV<lambda_5f0a4c1567f8adc6734073e5d1e1b35c>@@V<lambda_2e8a7d3640ea6ccb4c2413664c2db6fd>@@@?$__crt_seh_guarded_call@X@@QEAAX$$QEAV<lambda_efdfa57d1f175319df784efa44bb7b81>@@AEAV<lambda_5f0a4c1567f8adc6734073e5d1e1b35c>@@$$QEAV<lambda_2e8a7d3640ea6ccb4c2413664c2db6fd>@@@Z@4HA 000000018001ae34     libucrt:mbctype.obj
 0004:00000e34       $pdata$?fin$0@?0???$?RV<lambda_d80eeec6fff315bfe5c115232f3240e3>@@AEAV<lambda_6e4b09c48022b2350581041d5f6b0c4c>@@V<lambda_2358e3775559c9db80273638284d5e45>@@@?$__crt_seh_guarded_call@X@@QEAAX$$QEAV<lambda_d80eeec6fff315bfe5c115232f3240e3>@@AEAV<lambda_6e4b09c48022b2350581041d5f6b0c4c>@@$$QEAV<lambda_2358e3775559c9db80273638284d5e45>@@@Z@4HA 000000018001ae34     libucrt:exit.obj
 0004:00000e34       $pdata$?fin$0@?0???$?RV<lambda_7777bce6b2f8c936911f934f8298dc43>@@AEAV<lambda_f03950bc5685219e0bcd2087efbe011e>@@V<lambda_3883c3dff614d5e0c5f61bb1ac94921c>@@@?$__crt_seh_guarded_call@H@@QEAAH$$QEAV<lambda_7777bce6b2f8c936911f934f8298dc43>@@AEAV<lambda_f03950bc5685219e0bcd2087efbe011e>@@$$QEAV<lambda_3883c3dff614d5e0c5f61bb1ac94921c>@@@Z@4HA 000000018001ae34     libucrt:onexit.obj
 0004:00000e34       $pdata$?fin$0@?0???$?RV<lambda_0ae27a3a962d80f24befdcbee591983d>@@AEAV<lambda_8d0ee55de4b1038c4002e0adecdf1839>@@V<lambda_dc504788e8f1664fe9b84e20bfb512f2>@@@?$__crt_seh_guarded_call@X@@QEAAX$$QEAV<lambda_0ae27a3a962d80f24befdcbee591983d>@@AEAV<lambda_8d0ee55de4b1038c4002e0adecdf1839>@@$$QEAV<lambda_dc504788e8f1664fe9b84e20bfb512f2>@@@Z@4HA 000000018001ae34     libucrt:per_thread_data.obj
 0004:00000e34       $pdata$?fin$0@?0???$?RV<lambda_f2e299630e499de9f9a165e60fcd3db5>@@AEAV<lambda_2ae9d31cdba2644fcbeaf08da7c24588>@@V<lambda_40d01ff24d0e7b3814fdbdcee8eab3c7>@@@?$__crt_seh_guarded_call@X@@QEAAX$$QEAV<lambda_f2e299630e499de9f9a165e60fcd3db5>@@AEAV<lambda_2ae9d31cdba2644fcbeaf08da7c24588>@@$$QEAV<lambda_40d01ff24d0e7b3814fdbdcee8eab3c7>@@@Z@4HA 000000018001ae34     libucrt:per_thread_data.obj
 0004:00000e34       $pdata$?fin$0@?0???$?RV<lambda_aa87e3671a710a21b5dc78c0bdf72e11>@@AEAV<lambda_92619d2358a28f41a33ba319515a20b9>@@V<lambda_6992ecaafeb10aed2b74cb1fae11a551>@@@?$__crt_seh_guarded_call@X@@QEAAX$$QEAV<lambda_aa87e3671a710a21b5dc78c0bdf72e11>@@AEAV<lambda_92619d2358a28f41a33ba319515a20b9>@@$$QEAV<lambda_6992ecaafeb10aed2b74cb1fae11a551>@@@Z@4HA 000000018001ae34     libucrt:per_thread_data.obj
 0004:00000e34       $pdata$?fin$0@?0???$?RV<lambda_450d765d439847d4c735a33c368b5fc0>@@AEAV<lambda_44731a7d0e6d81c3e6aa82d741081786>@@V<lambda_601a2a7da3b7a96e9554ac7215c4b07c>@@@?$__crt_seh_guarded_call@P6AXH@Z@@QEAAP6AXH@Z$$QEAV<lambda_450d765d439847d4c735a33c368b5fc0>@@AEAV<lambda_44731a7d0e6d81c3e6aa82d741081786>@@$$QEAV<lambda_601a2a7da3b7a96e9554ac7215c4b07c>@@@Z@4HA 000000018001ae34     libucrt:signal.obj
 0004:00000e34       $pdata$?fin$0@?0???$?RV<lambda_2d41944a1d46af3157314b8a01080d33>@@AEAV<lambda_8f455de75cd7d7f24b4096f044d8b9e6>@@V<lambda_aa500f224e6afead328df44964fe2772>@@@?$__crt_seh_guarded_call@X@@QEAAX$$QEAV<lambda_2d41944a1d46af3157314b8a01080d33>@@AEAV<lambda_8f455de75cd7d7f24b4096f044d8b9e6>@@$$QEAV<lambda_aa500f224e6afead328df44964fe2772>@@@Z@4HA 000000018001ae34     libucrt:per_thread_data.obj
 0004:00000e40       $pdata$?filt$0@?0???R<lambda_6e4b09c48022b2350581041d5f6b0c4c>@@QEBA@XZ@4HA 000000018001ae40     libucrt:exit.obj
 0004:00000e4c       $pdata$?fin$0@?0???$?RV<lambda_410d79af7f07d98d83a3f525b3859a53>@@AEAV<lambda_3e16ef9562a7dcce91392c22ab16ea36>@@V<lambda_38119f0e861e05405d8a144b9b982f0a>@@@?$__crt_seh_guarded_call@X@@QEAAX$$QEAV<lambda_410d79af7f07d98d83a3f525b3859a53>@@AEAV<lambda_3e16ef9562a7dcce91392c22ab16ea36>@@$$QEAV<lambda_38119f0e861e05405d8a144b9b982f0a>@@@Z@4HA 000000018001ae4c     libucrt:wsetlocale.obj
 0004:00000e58       $pdata$?fin$0@?0??update_thread_multibyte_data_internal@@YAPEAU__crt_multibyte_data@@QEAU__acrt_ptd@@QEAPEAU1@@Z@4HA 000000018001ae58     libucrt:mbctype.obj
 0004:00000e64       $pdata$__acrt_lowio_ensure_fh_exists$fin$0 000000018001ae64     libucrt:osfinfo.obj
 0004:00000e64       $pdata$__acrt_initialize_lowio$fin$0 000000018001ae64     libucrt:ioinit.obj
 0004:00000e70       $pdata$raise$fin$0         000000018001ae70     libucrt:signal.obj
 0004:00000e7c       $pdata$?fin$0@?0???$?RV<lambda_842d9ff0dc9ef11c61343bbaebe7f885>@@AEAV<lambda_c5860995281e5c4ce005b3de8f5874ee>@@V<lambda_d90129c13df834fdcbf8d2b88dafcf2d>@@@?$__crt_seh_guarded_call@X@@QEAAX$$QEAV<lambda_842d9ff0dc9ef11c61343bbaebe7f885>@@AEAV<lambda_c5860995281e5c4ce005b3de8f5874ee>@@$$QEAV<lambda_d90129c13df834fdcbf8d2b88dafcf2d>@@@Z@4HA 000000018001ae7c     libucrt:fflush.obj
 0004:00000e88       $pdata$?fin$0@?0???$?RV<lambda_886d6c58226a84441f68b9f2b8217b83>@@AEAV<lambda_ab61a845afdef5b7c387490eaf3616ee>@@V<lambda_f7f22ab5edc0698d5f6905b0d3f44752>@@@?$__crt_seh_guarded_call@X@@QEAAX$$QEAV<lambda_886d6c58226a84441f68b9f2b8217b83>@@AEAV<lambda_ab61a845afdef5b7c387490eaf3616ee>@@$$QEAV<lambda_f7f22ab5edc0698d5f6905b0d3f44752>@@@Z@4HA 000000018001ae88     libucrt:fflush.obj
 0004:00000e94       $pdata$__acrt_update_thread_locale_data$fin$0 000000018001ae94     libucrt:locale_refcounting.obj
 0004:00000ea0       $pdata$?fin$0@?0???$?RV<lambda_751a882b2c74d4b022dec766aa51a29a>@@AEAV<lambda_628dfdc04ba53c8bfc02c9951375f3f5>@@V<lambda_f6c7be5f7998530c34de24c7437d6b54>@@@?$__crt_seh_guarded_call@H@@QEAAH$$QEAV<lambda_751a882b2c74d4b022dec766aa51a29a>@@AEAV<lambda_628dfdc04ba53c8bfc02c9951375f3f5>@@$$QEAV<lambda_f6c7be5f7998530c34de24c7437d6b54>@@@Z@4HA 000000018001aea0     libucrt:close.obj
 0004:00000ea0       $pdata$?fin$0@?0???$?RV<lambda_a37b2b86f63e897a80ea819b0eb08c01>@@AEAV<lambda_38ce7e780aa69e748d6df282ebc68efe>@@V<lambda_99fb1378e971ab6e7edea83e3a7a83a2>@@@?$__crt_seh_guarded_call@H@@QEAAH$$QEAV<lambda_a37b2b86f63e897a80ea819b0eb08c01>@@AEAV<lambda_38ce7e780aa69e748d6df282ebc68efe>@@$$QEAV<lambda_99fb1378e971ab6e7edea83e3a7a83a2>@@@Z@4HA 000000018001aea0     libucrt:commit.obj
 0004:00000eac       $pdata$_write$fin$0        000000018001aeac     libucrt:write.obj
 0004:00000eb8       $pdata$_fcloseall$fin$0    000000018001aeb8     libucrt:closeall.obj
 0004:00000ec4       $pdata$fclose$fin$0        000000018001aec4     libucrt:fclose.obj
 0004:00000ed0       $pdata$_ctrlfp$filt$0      000000018001aed0     libucrt:fpctrl.obj
 0004:00000edc       $pdata$_IsNonwritableInCurrentImage$filt$0 000000018001aedc     LIBCMT:pesect.obj
 0005:00000060       $R000000                   000000018001b060     * linker generated manifest res *

 Exports

  ordinal    name

        1    _register_addon_
